[    0.000000] Initializing cgroup subsys cpuset
[    0.000000] Initializing cgroup subsys cpu
[    0.000000] Initializing cgroup subsys cpuacct
[    0.000000] Linux version 3.19.6 (root@localhost.localdomain) (gcc version 4.8.3 20140911 (Red Hat 4.8.3-7) (GCC) ) #4 SMP Mon Jun 15 14:30:23 KST 2015
[    0.000000] Command line: BOOT_IMAGE=/vmlinuz-3.19.6 root=/dev/mapper/fedora-root ro rd.lvm.lv=fedora/swap vconsole.font=latarcyrheb-sun16 rd.lvm.lv=fedora/root rhgb quiet LANG=ko_KR.UTF-8
[    0.000000] tseg: 0000000000
[    0.000000] e820: BIOS-provided physical RAM map:
[    0.000000] BIOS-e820: [mem 0x0000000000000000-0x000000000009ebff] usable
[    0.000000] BIOS-e820: [mem 0x000000000009ec00-0x000000000009ffff] reserved
[    0.000000] BIOS-e820: [mem 0x00000000000e2000-0x00000000000fffff] reserved
[    0.000000] BIOS-e820: [mem 0x0000000000100000-0x00000000cff8ffff] usable
[    0.000000] BIOS-e820: [mem 0x00000000cff90000-0x00000000cffa7fff] ACPI data
[    0.000000] BIOS-e820: [mem 0x00000000cffa8000-0x00000000cffcffff] ACPI NVS
[    0.000000] BIOS-e820: [mem 0x00000000cffd0000-0x00000000cfffffff] reserved
[    0.000000] BIOS-e820: [mem 0x00000000ffa00000-0x00000000ffffffff] reserved
[    0.000000] BIOS-e820: [mem 0x0000000100000000-0x000000021fffffff] usable
[    0.000000] NX (Execute Disable) protection: active
[    0.000000] SMBIOS 2.5 present.
[    0.000000] DMI: System manufacturer System Product Name/M4A88T-M LE, BIOS 0303    09/30/2010
[    0.000000] e820: update [mem 0x00000000-0x00000fff] usable ==> reserved
[    0.000000] e820: remove [mem 0x000a0000-0x000fffff] usable
[    0.000000] e820: last_pfn = 0x220000 max_arch_pfn = 0x400000000
[    0.000000] MTRR default type: uncachable
[    0.000000] MTRR fixed ranges enabled:
[    0.000000]   00000-9FFFF write-back
[    0.000000]   A0000-EFFFF uncachable
[    0.000000]   F0000-FFFFF write-protect
[    0.000000] MTRR variable ranges enabled:
[    0.000000]   0 base 000000000000 mask FFFF80000000 write-back
[    0.000000]   1 base 000080000000 mask FFFFC0000000 write-back
[    0.000000]   2 base 0000C0000000 mask FFFFF0000000 write-back
[    0.000000]   3 disabled
[    0.000000]   4 disabled
[    0.000000]   5 disabled
[    0.000000]   6 disabled
[    0.000000]   7 disabled
[    0.000000] TOM2: 0000000230000000 aka 8960M
[    0.000000] PAT configuration [0-7]: WB  WC  UC- UC  WB  WC  UC- UC  
[    0.000000] e820: update [mem 0xd0000000-0xffffffff] usable ==> reserved
[    0.000000] e820: last_pfn = 0xcff90 max_arch_pfn = 0x400000000
[    0.000000] found SMP MP-table at [mem 0x000ff780-0x000ff78f] mapped at [ffff8800000ff780]
[    0.000000] Base memory trampoline at [ffff880000098000] 98000 size 24576
[    0.000000] Using GB pages for direct mapping
[    0.000000] init_memory_mapping: [mem 0x00000000-0x000fffff]
[    0.000000]  [mem 0x00000000-0x000fffff] page 4k
[    0.000000] BRK [0x02004000, 0x02004fff] PGTABLE
[    0.000000] BRK [0x02005000, 0x02005fff] PGTABLE
[    0.000000] BRK [0x02006000, 0x02006fff] PGTABLE
[    0.000000] init_memory_mapping: [mem 0x21fe00000-0x21fffffff]
[    0.000000]  [mem 0x21fe00000-0x21fffffff] page 2M
[    0.000000] BRK [0x02007000, 0x02007fff] PGTABLE
[    0.000000] init_memory_mapping: [mem 0x200000000-0x21fdfffff]
[    0.000000]  [mem 0x200000000-0x21fdfffff] page 2M
[    0.000000] init_memory_mapping: [mem 0x00100000-0xcff8ffff]
[    0.000000]  [mem 0x00100000-0x001fffff] page 4k
[    0.000000]  [mem 0x00200000-0x3fffffff] page 2M
[    0.000000]  [mem 0x40000000-0xbfffffff] page 1G
[    0.000000]  [mem 0xc0000000-0xcfdfffff] page 2M
[    0.000000]  [mem 0xcfe00000-0xcff8ffff] page 4k
[    0.000000] init_memory_mapping: [mem 0x100000000-0x1ffffffff]
[    0.000000]  [mem 0x100000000-0x1ffffffff] page 1G
[    0.000000] RAMDISK: [mem 0x346f2000-0x36370fff]
[    0.000000] ACPI: Early table checksum verification disabled
[    0.000000] ACPI: RSDP 0x00000000000FB1A0 000024 (v02 ACPIAM)
[    0.000000] ACPI: XSDT 0x00000000CFF90100 00005C (v01 093010 XSDT1359 20100930 MSFT 00000097)
[    0.000000] ACPI: FACP 0x00000000CFF90290 0000F4 (v03 093010 FACP1359 20100930 MSFT 00000097)
[    0.000000] ACPI BIOS Warning (bug): Optional FADT field Pm2ControlBlock has zero address or length: 0x0000000000000000/0x1 (20141107/tbfadt-649)
[    0.000000] ACPI BIOS Warning (bug): 32/64X length mismatch in FADT/Gpe0Block: 64/32 (20141107/tbfadt-618)
[    0.000000] ACPI: DSDT 0x00000000CFF90450 00E895 (v01 A1739  A1739001 00000001 INTL 20060113)
[    0.000000] ACPI: FACS 0x00000000CFFA8000 000040
[    0.000000] ACPI: APIC 0x00000000CFF90390 00007C (v01 093010 APIC1359 20100930 MSFT 00000097)
[    0.000000] ACPI: MCFG 0x00000000CFF90410 00003C (v01 093010 OEMMCFG  20100930 MSFT 00000097)
[    0.000000] ACPI: OEMB 0x00000000CFFA8040 000072 (v01 093010 OEMB1359 20100930 MSFT 00000097)
[    0.000000] ACPI: SRAT 0x00000000CFF9F8A0 0000E8 (v01 AMD    FAM_F_10 00000002 AMD  00000001)
[    0.000000] ACPI: HPET 0x00000000CFF9F990 000038 (v01 093010 OEMHPET  20100930 MSFT 00000097)
[    0.000000] ACPI: SSDT 0x00000000CFF9F9D0 00088C (v01 A M I  POWERNOW 00000001 AMD  00000001)
[    0.000000] ACPI: Local APIC address 0xfee00000
[    0.000000] SRAT: PXM 0 -> APIC 0x00 -> Node 0
[    0.000000] SRAT: PXM 0 -> APIC 0x01 -> Node 0
[    0.000000] SRAT: PXM 0 -> APIC 0x02 -> Node 0
[    0.000000] SRAT: PXM 0 -> APIC 0x03 -> Node 0
[    0.000000] SRAT: Node 0 PXM 0 [mem 0x00000000-0x0009ffff]
[    0.000000] SRAT: Node 0 PXM 0 [mem 0x00100000-0xcfffffff]
[    0.000000] SRAT: Node 0 PXM 0 [mem 0x100000000-0x22fffffff]
[    0.000000] NUMA: Node 0 [mem 0x00000000-0x0009ffff] + [mem 0x00100000-0xcfffffff] -> [mem 0x00000000-0xcfffffff]
[    0.000000] NUMA: Node 0 [mem 0x00000000-0xcfffffff] + [mem 0x100000000-0x21fffffff] -> [mem 0x00000000-0x21fffffff]
[    0.000000] NODE_DATA(0) allocated [mem 0x21ffea000-0x21fffdfff]
[    0.000000]  [ffffea0000000000-ffffea00087fffff] PMD -> [ffff880217a00000-ffff88021f5fffff] on node 0
[    0.000000] Zone ranges:
[    0.000000]   DMA      [mem 0x00001000-0x00ffffff]
[    0.000000]   DMA32    [mem 0x01000000-0xffffffff]
[    0.000000]   Normal   [mem 0x100000000-0x21fffffff]
[    0.000000] Movable zone start for each node
[    0.000000] Early memory node ranges
[    0.000000]   node   0: [mem 0x00001000-0x0009dfff]
[    0.000000]   node   0: [mem 0x00100000-0xcff8ffff]
[    0.000000]   node   0: [mem 0x100000000-0x21fffffff]
[    0.000000] Initmem setup node 0 [mem 0x00001000-0x21fffffff]
[    0.000000] On node 0 totalpages: 2031405
[    0.000000]   DMA zone: 64 pages used for memmap
[    0.000000]   DMA zone: 21 pages reserved
[    0.000000]   DMA zone: 3997 pages, LIFO batch:0
[    0.000000]   DMA32 zone: 13247 pages used for memmap
[    0.000000]   DMA32 zone: 847760 pages, LIFO batch:31
[    0.000000]   Normal zone: 18432 pages used for memmap
[    0.000000]   Normal zone: 1179648 pages, LIFO batch:31
[    0.000000] ACPI: PM-Timer IO Port: 0x808
[    0.000000] ACPI: Local APIC address 0xfee00000
[    0.000000] ACPI: LAPIC (acpi_id[0x01] lapic_id[0x00] enabled)
[    0.000000] ACPI: LAPIC (acpi_id[0x02] lapic_id[0x01] enabled)
[    0.000000] ACPI: LAPIC (acpi_id[0x03] lapic_id[0x02] enabled)
[    0.000000] ACPI: LAPIC (acpi_id[0x04] lapic_id[0x03] enabled)
[    0.000000] ACPI: LAPIC (acpi_id[0x05] lapic_id[0x84] disabled)
[    0.000000] ACPI: LAPIC (acpi_id[0x06] lapic_id[0x85] disabled)
[    0.000000] ACPI: IOAPIC (id[0x04] address[0xfec00000] gsi_base[0])
[    0.000000] IOAPIC[0]: apic_id 4, version 33, address 0xfec00000, GSI 0-23
[    0.000000] ACPI: INT_SRC_OVR (bus 0 bus_irq 0 global_irq 2 dfl dfl)
[    0.000000] ACPI: INT_SRC_OVR (bus 0 bus_irq 9 global_irq 9 low level)
[    0.000000] ACPI: IRQ0 used by override.
[    0.000000] ACPI: IRQ9 used by override.
[    0.000000] Using ACPI (MADT) for SMP configuration information
[    0.000000] ACPI: HPET id: 0x8300 base: 0xfed00000
[    0.000000] smpboot: Allowing 6 CPUs, 2 hotplug CPUs
[    0.000000] PM: Registered nosave memory: [mem 0x00000000-0x00000fff]
[    0.000000] PM: Registered nosave memory: [mem 0x0009e000-0x0009efff]
[    0.000000] PM: Registered nosave memory: [mem 0x0009f000-0x0009ffff]
[    0.000000] PM: Registered nosave memory: [mem 0x000a0000-0x000e1fff]
[    0.000000] PM: Registered nosave memory: [mem 0x000e2000-0x000fffff]
[    0.000000] PM: Registered nosave memory: [mem 0xcff90000-0xcffa7fff]
[    0.000000] PM: Registered nosave memory: [mem 0xcffa8000-0xcffcffff]
[    0.000000] PM: Registered nosave memory: [mem 0xcffd0000-0xcfffffff]
[    0.000000] PM: Registered nosave memory: [mem 0xd0000000-0xff9fffff]
[    0.000000] PM: Registered nosave memory: [mem 0xffa00000-0xffffffff]
[    0.000000] e820: [mem 0xd0000000-0xff9fffff] available for PCI devices
[    0.000000] Booting paravirtualized kernel on bare hardware
[    0.000000] setup_percpu: NR_CPUS:8 nr_cpumask_bits:8 nr_cpu_ids:6 nr_node_ids:1
[    0.000000] PERCPU: Embedded 31 pages/cpu @ffff88021fc00000 s86720 r8192 d32064 u262144
[    0.000000] pcpu-alloc: s86720 r8192 d32064 u262144 alloc=1*2097152
[    0.000000] pcpu-alloc: [0] 0 1 2 3 4 5 - - 
[    0.000000] Built 1 zonelists in Node order, mobility grouping on.  Total pages: 1999641
[    0.000000] Policy zone: Normal
[    0.000000] Kernel command line: BOOT_IMAGE=/vmlinuz-3.19.6 root=/dev/mapper/fedora-root ro rd.lvm.lv=fedora/swap vconsole.font=latarcyrheb-sun16 rd.lvm.lv=fedora/root rhgb quiet LANG=ko_KR.UTF-8
[    0.000000] PID hash table entries: 4096 (order: 3, 32768 bytes)
[    0.000000] Memory: 7885824K/8125620K available (7590K kernel code, 1144K rwdata, 3284K rodata, 1480K init, 1444K bss, 239796K reserved, 0K cma-reserved)
[    0.000000] SLUB: HWalign=64, Order=0-3, MinObjects=0, CPUs=6, Nodes=1
[    0.000000] Hierarchical RCU implementation.
[    0.000000] 	RCU dyntick-idle grace-period acceleration is enabled.
[    0.000000] 	RCU restricting CPUs from NR_CPUS=8 to nr_cpu_ids=6.
[    0.000000] RCU: Adjusting geometry for rcu_fanout_leaf=16, nr_cpu_ids=6
[    0.000000] NR_IRQS:4352 nr_irqs:472 16
[    0.000000] 	Offload RCU callbacks from all CPUs
[    0.000000] 	Offload RCU callbacks from CPUs: 0-5.
[    0.000000] spurious 8259A interrupt: IRQ7.
[    0.000000] Console: colour VGA+ 80x25
[    0.000000] console [tty0] enabled
[    0.000000] hpet clockevent registered
[    0.000000] tsc: Fast TSC calibration using PIT
[    0.000000] tsc: Detected 3200.207 MHz processor
[    0.000022] Calibrating delay loop (skipped), value calculated using timer frequency.. 6400.41 BogoMIPS (lpj=3200207)
[    0.000025] pid_max: default: 32768 minimum: 301
[    0.000031] ACPI: Core revision 20141107
[    0.005830] ACPI: All ACPI Tables successfully acquired
[    0.013086] Security Framework initialized
[    0.013094] Smack:  Initializing.
[    0.013097] Smack: smack_init OK 
[    0.013595] Dentry cache hash table entries: 1048576 (order: 11, 8388608 bytes)
[    0.015807] Inode-cache hash table entries: 524288 (order: 10, 4194304 bytes)
[    0.016793] Mount-cache hash table entries: 16384 (order: 5, 131072 bytes)
[    0.016803] Mountpoint-cache hash table entries: 16384 (order: 5, 131072 bytes)
[    0.017032] Initializing cgroup subsys memory
[    0.017038] Initializing cgroup subsys devices
[    0.017041] Initializing cgroup subsys freezer
[    0.017043] Initializing cgroup subsys net_cls
[    0.017045] Initializing cgroup subsys blkio
[    0.017047] Initializing cgroup subsys perf_event
[    0.017049] Initializing cgroup subsys net_prio
[    0.017051] Initializing cgroup subsys hugetlb
[    0.017071] CPU: Physical Processor ID: 0
[    0.017072] CPU: Processor Core ID: 0
[    0.017074] mce: CPU supports 6 MCE banks
[    0.017078] LVT offset 0 assigned for vector 0xf9
[    0.017083] Last level iTLB entries: 4KB 512, 2MB 16, 4MB 8
Last level dTLB entries: 4KB 512, 2MB 128, 4MB 64, 1GB 0
[    0.017179] Freeing SMP alternatives memory: 28K (ffffffff81e92000 - ffffffff81e99000)
[    0.017851] ftrace: allocating 27833 entries in 109 pages
[    0.028043] ..TIMER: vector=0x30 apic1=0 pin1=2 apic2=-1 pin2=-1
[    0.038047] smpboot: CPU0: AMD Phenom(tm) II X4 955 Processor (fam: 10, model: 04, stepping: 03)
[    0.139180] Performance Events: AMD PMU driver.
[    0.139183] ... version:                0
[    0.139184] ... bit width:              48
[    0.139185] ... generic registers:      4
[    0.139186] ... value mask:             0000ffffffffffff
[    0.139187] ... max period:             00007fffffffffff
[    0.139188] ... fixed-purpose events:   0
[    0.139188] ... event mask:             000000000000000f
[    0.139707] NMI watchdog: enabled on all CPUs, permanently consumes one hw-PMU counter.
[    0.139790] x86: Booting SMP configuration:
[    0.139791] .... node  #0, CPUs:      #1 #2 #3
[    0.179321] x86: Booted up 1 node, 4 CPUs
[    0.179323] smpboot: Total of 4 processors activated (25601.65 BogoMIPS)
[    0.183827] devtmpfs: initialized
[    0.187148] PM: Registering ACPI NVS region [mem 0xcffa8000-0xcffcffff] (163840 bytes)
[    0.187283] atomic64_test: passed for x86-64 platform with CX8 and with SSE
[    0.187285] pinctrl core: initialized pinctrl subsystem
[    0.187321] RTC time:  0:46:16, date: 06/17/15
[    0.187410] NET: Registered protocol family 16
[    0.192955] cpuidle: using governor menu
[    0.192971] node 0 link 0: io port [1000, ffffff]
[    0.192975] TOM: 00000000d0000000 aka 3328M
[    0.192976] Fam 10h mmconf [mem 0xe0000000-0xefffffff]
[    0.192978] node 0 link 0: mmio [a0000, bffff]
[    0.192980] node 0 link 0: mmio [d0000000, efffffff] ==> [d0000000, dfffffff]
[    0.192982] node 0 link 0: mmio [f0000000, fe7fffff]
[    0.192984] node 0 link 0: mmio [fe800000, fe9fffff]
[    0.192985] node 0 link 0: mmio [fea00000, ffdfffff]
[    0.192986] TOM2: 0000000230000000 aka 8960M
[    0.192987] bus: [bus 00-07] on node 0 link 0
[    0.192988] bus: 00 [io  0x0000-0xffff]
[    0.192989] bus: 00 [mem 0x000a0000-0x000bffff]
[    0.192990] bus: 00 [mem 0xd0000000-0xdfffffff]
[    0.192991] bus: 00 [mem 0xf0000000-0xffffffff]
[    0.192992] bus: 00 [mem 0x230000000-0xfcffffffff]
[    0.193081] ACPI: bus type PCI registered
[    0.193083] acpiphp: ACPI Hot Plug PCI Controller Driver version: 0.5
[    0.193158] PCI: MMCONFIG for domain 0000 [bus 00-ff] at [mem 0xe0000000-0xefffffff] (base 0xe0000000)
[    0.193160] PCI: not using MMCONFIG
[    0.193161] PCI: Using configuration type 1 for base access
[    0.193161] PCI: Using configuration type 1 for extended access
[    0.198377] ACPI: Added _OSI(Module Device)
[    0.198379] ACPI: Added _OSI(Processor Device)
[    0.198380] ACPI: Added _OSI(3.0 _SCP Extensions)
[    0.198381] ACPI: Added _OSI(Processor Aggregator Device)
[    0.200660] ACPI: Executed 3 blocks of module-level executable AML code
[    0.280569] ACPI: Interpreter enabled
[    0.280579] ACPI Exception: AE_NOT_FOUND, While evaluating Sleep State [\_S2_] (20141107/hwxface-580)
[    0.280590] ACPI: (supports S0 S1 S3 S4 S5)
[    0.280592] ACPI: Using IOAPIC for interrupt routing
[    0.280609] PCI: MMCONFIG for domain 0000 [bus 00-ff] at [mem 0xe0000000-0xefffffff] (base 0xe0000000)
[    0.281608] PCI: MMCONFIG at [mem 0xe0000000-0xefffffff] reserved in ACPI motherboard resources
[    0.281959] PCI: Using host bridge windows from ACPI; if necessary, use "pci=nocrs" and report a bug
[    0.286576] ACPI: PCI Root Bridge [PCI0] (domain 0000 [bus 00-ff])
[    0.286581] acpi PNP0A03:00: _OSC: OS supports [ExtendedConfig ASPM ClockPM Segments MSI]
[    0.286585] acpi PNP0A03:00: _OSC failed (AE_NOT_FOUND); disabling ASPM
[    0.286800] PCI host bridge to bus 0000:00
[    0.286803] pci_bus 0000:00: root bus resource [bus 00-ff]
[    0.286804] pci_bus 0000:00: root bus resource [io  0x0000-0x0cf7]
[    0.286806] pci_bus 0000:00: root bus resource [io  0x0d00-0xffff]
[    0.286808] pci_bus 0000:00: root bus resource [mem 0x000a0000-0x000bffff]
[    0.286809] pci_bus 0000:00: root bus resource [mem 0x000d0000-0x000dffff]
[    0.286810] pci_bus 0000:00: root bus resource [mem 0xd0000000-0xdfffffff]
[    0.286812] pci_bus 0000:00: root bus resource [mem 0xf0000000-0xfebfffff]
[    0.286821] pci 0000:00:00.0: [1022:9601] type 00 class 0x060000
[    0.286905] pci 0000:00:01.0: [1043:9602] type 01 class 0x060400
[    0.286981] pci 0000:00:0a.0: [1022:9609] type 01 class 0x060400
[    0.287015] pci 0000:00:0a.0: PME# supported from D0 D3hot D3cold
[    0.287042] pci 0000:00:0a.0: System wakeup disabled by ACPI
[    0.287086] pci 0000:00:11.0: [1002:4390] type 00 class 0x01018f
[    0.287105] pci 0000:00:11.0: reg 0x10: [io  0xb000-0xb007]
[    0.287114] pci 0000:00:11.0: reg 0x14: [io  0xa000-0xa003]
[    0.287124] pci 0000:00:11.0: reg 0x18: [io  0x9000-0x9007]
[    0.287133] pci 0000:00:11.0: reg 0x1c: [io  0x8000-0x8003]
[    0.287142] pci 0000:00:11.0: reg 0x20: [io  0x7000-0x700f]
[    0.287150] pci 0000:00:11.0: reg 0x24: [mem 0xfe7ffc00-0xfe7fffff]
[    0.287172] pci 0000:00:11.0: set SATA to AHCI mode
[    0.287254] pci 0000:00:12.0: [1002:4397] type 00 class 0x0c0310
[    0.287267] pci 0000:00:12.0: reg 0x10: [mem 0xfe7fe000-0xfe7fefff]
[    0.287343] pci 0000:00:12.0: System wakeup disabled by ACPI
[    0.287375] pci 0000:00:12.1: [1002:4398] type 00 class 0x0c0310
[    0.287387] pci 0000:00:12.1: reg 0x10: [mem 0xfe7fd000-0xfe7fdfff]
[    0.287463] pci 0000:00:12.1: System wakeup disabled by ACPI
[    0.287498] pci 0000:00:12.2: [1002:4396] type 00 class 0x0c0320
[    0.287516] pci 0000:00:12.2: reg 0x10: [mem 0xfe7ff800-0xfe7ff8ff]
[    0.287595] pci 0000:00:12.2: supports D1 D2
[    0.287596] pci 0000:00:12.2: PME# supported from D0 D1 D2 D3hot
[    0.287626] pci 0000:00:12.2: System wakeup disabled by ACPI
[    0.287662] pci 0000:00:13.0: [1002:4397] type 00 class 0x0c0310
[    0.287674] pci 0000:00:13.0: reg 0x10: [mem 0xfe7fc000-0xfe7fcfff]
[    0.287750] pci 0000:00:13.0: System wakeup disabled by ACPI
[    0.287780] pci 0000:00:13.1: [1002:4398] type 00 class 0x0c0310
[    0.287792] pci 0000:00:13.1: reg 0x10: [mem 0xfe7fb000-0xfe7fbfff]
[    0.287868] pci 0000:00:13.1: System wakeup disabled by ACPI
[    0.287901] pci 0000:00:13.2: [1002:4396] type 00 class 0x0c0320
[    0.287919] pci 0000:00:13.2: reg 0x10: [mem 0xfe7ff400-0xfe7ff4ff]
[    0.288000] pci 0000:00:13.2: supports D1 D2
[    0.288002] pci 0000:00:13.2: PME# supported from D0 D1 D2 D3hot
[    0.288031] pci 0000:00:13.2: System wakeup disabled by ACPI
[    0.288069] pci 0000:00:14.0: [1002:4385] type 00 class 0x0c0500
[    0.288203] pci 0000:00:14.1: [1002:439c] type 00 class 0x01018a
[    0.288218] pci 0000:00:14.1: reg 0x10: [io  0x0000-0x0007]
[    0.288227] pci 0000:00:14.1: reg 0x14: [io  0x0000-0x0003]
[    0.288235] pci 0000:00:14.1: reg 0x18: [io  0x0000-0x0007]
[    0.288244] pci 0000:00:14.1: reg 0x1c: [io  0x0000-0x0003]
[    0.288252] pci 0000:00:14.1: reg 0x20: [io  0xff00-0xff0f]
[    0.288271] pci 0000:00:14.1: legacy IDE quirk: reg 0x10: [io  0x01f0-0x01f7]
[    0.288273] pci 0000:00:14.1: legacy IDE quirk: reg 0x14: [io  0x03f6]
[    0.288274] pci 0000:00:14.1: legacy IDE quirk: reg 0x18: [io  0x0170-0x0177]
[    0.288275] pci 0000:00:14.1: legacy IDE quirk: reg 0x1c: [io  0x0376]
[    0.288351] pci 0000:00:14.2: [1002:4383] type 00 class 0x040300
[    0.288371] pci 0000:00:14.2: reg 0x10: [mem 0xfe7f4000-0xfe7f7fff 64bit]
[    0.288435] pci 0000:00:14.2: PME# supported from D0 D3hot D3cold
[    0.288462] pci 0000:00:14.2: System wakeup disabled by ACPI
[    0.288490] pci 0000:00:14.3: [1002:439d] type 00 class 0x060100
[    0.288599] pci 0000:00:14.4: [1002:4384] type 01 class 0x060401
[    0.288654] pci 0000:00:14.4: System wakeup disabled by ACPI
[    0.288683] pci 0000:00:14.5: [1002:4399] type 00 class 0x0c0310
[    0.288696] pci 0000:00:14.5: reg 0x10: [mem 0xfe7fa000-0xfe7fafff]
[    0.288771] pci 0000:00:14.5: System wakeup disabled by ACPI
[    0.288803] pci 0000:00:18.0: [1022:1200] type 00 class 0x060000
[    0.288852] pci 0000:00:18.1: [1022:1201] type 00 class 0x060000
[    0.288898] pci 0000:00:18.2: [1022:1202] type 00 class 0x060000
[    0.288945] pci 0000:00:18.3: [1022:1203] type 00 class 0x060000
[    0.288994] pci 0000:00:18.4: [1022:1204] type 00 class 0x060000
[    0.289081] pci 0000:01:05.0: [1002:9715] type 00 class 0x030000
[    0.289088] pci 0000:01:05.0: reg 0x10: [mem 0xd0000000-0xdfffffff pref]
[    0.289091] pci 0000:01:05.0: reg 0x14: [io  0xc000-0xc0ff]
[    0.289095] pci 0000:01:05.0: reg 0x18: [mem 0xfe9f0000-0xfe9fffff]
[    0.289103] pci 0000:01:05.0: reg 0x24: [mem 0xfe800000-0xfe8fffff]
[    0.289119] pci 0000:01:05.0: supports D1 D2
[    0.289152] pci 0000:01:05.1: [1002:970f] type 00 class 0x040300
[    0.289158] pci 0000:01:05.1: reg 0x10: [mem 0xfe9e8000-0xfe9ebfff]
[    0.289185] pci 0000:01:05.1: supports D1 D2
[    0.289240] pci 0000:00:01.0: PCI bridge to [bus 01]
[    0.289243] pci 0000:00:01.0:   bridge window [io  0xc000-0xcfff]
[    0.289245] pci 0000:00:01.0:   bridge window [mem 0xfe800000-0xfe9fffff]
[    0.289248] pci 0000:00:01.0:   bridge window [mem 0xd0000000-0xdfffffff 64bit pref]
[    0.289290] pci 0000:02:00.0: [10ec:8168] type 00 class 0x020000
[    0.289303] pci 0000:02:00.0: reg 0x10: [io  0xd800-0xd8ff]
[    0.289323] pci 0000:02:00.0: reg 0x18: [mem 0xfdfff000-0xfdffffff 64bit pref]
[    0.289335] pci 0000:02:00.0: reg 0x20: [mem 0xfdff8000-0xfdffbfff 64bit pref]
[    0.289343] pci 0000:02:00.0: reg 0x30: [mem 0xfeaf0000-0xfeafffff pref]
[    0.289400] pci 0000:02:00.0: supports D1 D2
[    0.289401] pci 0000:02:00.0: PME# supported from D0 D1 D2 D3hot D3cold
[    0.292145] pci 0000:00:0a.0: PCI bridge to [bus 02]
[    0.292150] pci 0000:00:0a.0:   bridge window [io  0xd000-0xdfff]
[    0.292152] pci 0000:00:0a.0:   bridge window [mem 0xfea00000-0xfeafffff]
[    0.292155] pci 0000:00:0a.0:   bridge window [mem 0xfdf00000-0xfdffffff 64bit pref]
[    0.292212] pci 0000:03:05.0: [10ec:8169] type 00 class 0x020000
[    0.292233] pci 0000:03:05.0: reg 0x10: [io  0xe800-0xe8ff]
[    0.292245] pci 0000:03:05.0: reg 0x14: [mem 0xfebffc00-0xfebffcff]
[    0.292296] pci 0000:03:05.0: reg 0x30: [mem 0xfebc0000-0xfebdffff pref]
[    0.292335] pci 0000:03:05.0: supports D1 D2
[    0.292337] pci 0000:03:05.0: PME# supported from D1 D2 D3hot
[    0.292410] pci 0000:00:14.4: PCI bridge to [bus 03] (subtractive decode)
[    0.292414] pci 0000:00:14.4:   bridge window [io  0xe000-0xefff]
[    0.292417] pci 0000:00:14.4:   bridge window [mem 0xfeb00000-0xfebfffff]
[    0.292421] pci 0000:00:14.4:   bridge window [io  0x0000-0x0cf7] (subtractive decode)
[    0.292423] pci 0000:00:14.4:   bridge window [io  0x0d00-0xffff] (subtractive decode)
[    0.292424] pci 0000:00:14.4:   bridge window [mem 0x000a0000-0x000bffff] (subtractive decode)
[    0.292426] pci 0000:00:14.4:   bridge window [mem 0x000d0000-0x000dffff] (subtractive decode)
[    0.292427] pci 0000:00:14.4:   bridge window [mem 0xd0000000-0xdfffffff] (subtractive decode)
[    0.292428] pci 0000:00:14.4:   bridge window [mem 0xf0000000-0xfebfffff] (subtractive decode)
[    0.292441] pci_bus 0000:00: on NUMA node 0
[    0.293279] ACPI: PCI Interrupt Link [LNKA] (IRQs 4 7 *10 11 12 14 15)
[    0.293311] ACPI: PCI Interrupt Link [LNKB] (IRQs 4 7 10 *11 12 14 15)
[    0.293341] ACPI: PCI Interrupt Link [LNKC] (IRQs 4 7 *10 11 12 14 15)
[    0.293371] ACPI: PCI Interrupt Link [LNKD] (IRQs 4 7 *10 11 12 14 15)
[    0.293400] ACPI: PCI Interrupt Link [LNKE] (IRQs 4 7 *10 11 12 14 15)
[    0.293430] ACPI: PCI Interrupt Link [LNKF] (IRQs 4 7 10 11 12 14 15) *0, disabled.
[    0.293460] ACPI: PCI Interrupt Link [LNKG] (IRQs 4 7 10 *11 12 14 15)
[    0.293489] ACPI: PCI Interrupt Link [LNKH] (IRQs 4 7 10 11 12 14 15) *0, disabled.
[    0.293540] ACPI: Enabled 1 GPEs in block 00 to 1F
[    0.293637] vgaarb: setting as boot device: PCI:0000:01:05.0
[    0.293638] vgaarb: device added: PCI:0000:01:05.0,decodes=io+mem,owns=io+mem,locks=none
[    0.293639] vgaarb: loaded
[    0.293640] vgaarb: bridge control possible 0000:01:05.0
[    0.293705] SCSI subsystem initialized
[    0.293764] libata version 3.00 loaded.
[    0.293788] ACPI: bus type USB registered
[    0.293803] usbcore: registered new interface driver usbfs
[    0.293811] usbcore: registered new interface driver hub
[    0.293827] usbcore: registered new device driver usb
[    0.293922] PCI: Using ACPI for IRQ routing
[    0.302173] PCI: pci_cache_line_size set to 64 bytes
[    0.302221] e820: reserve RAM buffer [mem 0x0009ec00-0x0009ffff]
[    0.302222] e820: reserve RAM buffer [mem 0xcff90000-0xcfffffff]
[    0.302309] NetLabel: Initializing
[    0.302310] NetLabel:  domain hash size = 128
[    0.302311] NetLabel:  protocols = UNLABELED CIPSOv4
[    0.302324] NetLabel:  unlabeled traffic allowed by default
[    0.302367] hpet0: at MMIO 0xfed00000, IRQs 2, 8, 0, 0
[    0.302370] hpet0: 4 comparators, 32-bit 14.318180 MHz counter
[    0.304411] Switched to clocksource hpet
[    0.310086] pnp: PnP ACPI init
[    0.310210] system 00:00: Plug and Play ACPI device, IDs PNP0c02 (active)
[    0.310260] pnp 00:01: Plug and Play ACPI device, IDs PNP0b00 (active)
[    0.310666] pnp 00:02: [dma 0 disabled]
[    0.310805] pnp 00:02: Plug and Play ACPI device, IDs PNP0400 (active)
[    0.311360] pnp 00:03: [dma 0 disabled]
[    0.311416] pnp 00:03: Plug and Play ACPI device, IDs PNP0501 (active)
[    0.311496] system 00:04: [mem 0xfec00000-0xfec00fff] could not be reserved
[    0.311498] system 00:04: [mem 0xfee00000-0xfee00fff] has been reserved
[    0.311500] system 00:04: Plug and Play ACPI device, IDs PNP0c02 (active)
[    0.311649] system 00:05: [io  0x04d0-0x04d1] has been reserved
[    0.311651] system 00:05: [io  0x040b] has been reserved
[    0.311653] system 00:05: [io  0x04d6] has been reserved
[    0.311654] system 00:05: [io  0x0c00-0x0c01] has been reserved
[    0.311656] system 00:05: [io  0x0c14] has been reserved
[    0.311657] system 00:05: [io  0x0c50-0x0c51] has been reserved
[    0.311659] system 00:05: [io  0x0c52] has been reserved
[    0.311660] system 00:05: [io  0x0c6c] has been reserved
[    0.311662] system 00:05: [io  0x0c6f] has been reserved
[    0.311663] system 00:05: [io  0x0cd0-0x0cd1] has been reserved
[    0.311665] system 00:05: [io  0x0cd2-0x0cd3] has been reserved
[    0.311667] system 00:05: [io  0x0cd4-0x0cd5] has been reserved
[    0.311668] system 00:05: [io  0x0cd6-0x0cd7] has been reserved
[    0.311670] system 00:05: [io  0x0cd8-0x0cdf] has been reserved
[    0.311671] system 00:05: [io  0x0b00-0x0b3f] has been reserved
[    0.311673] system 00:05: [io  0x0800-0x089f] could not be reserved
[    0.311675] system 00:05: [io  0x0b00-0x0b0f] has been reserved
[    0.311676] system 00:05: [io  0x0b20-0x0b3f] has been reserved
[    0.311678] system 00:05: [io  0x0900-0x090f] has been reserved
[    0.311679] system 00:05: [io  0x0910-0x091f] has been reserved
[    0.311681] system 00:05: [io  0xfe00-0xfefe] has been reserved
[    0.311683] system 00:05: [mem 0xffb80000-0xffbfffff] has been reserved
[    0.311685] system 00:05: [mem 0xfec10000-0xfec1001f] has been reserved
[    0.311687] system 00:05: [mem 0xfed40000-0xfed44fff] has been reserved
[    0.311689] system 00:05: Plug and Play ACPI device, IDs PNP0c02 (active)
[    0.311807] system 00:06: [io  0x0230-0x023f] has been reserved
[    0.311809] system 00:06: [io  0x0290-0x029f] has been reserved
[    0.311811] system 00:06: [io  0x0300-0x030f] has been reserved
[    0.311812] system 00:06: [io  0x0a30-0x0a3f] has been reserved
[    0.311814] system 00:06: Plug and Play ACPI device, IDs PNP0c02 (active)
[    0.311857] system 00:07: [mem 0xe0000000-0xefffffff] has been reserved
[    0.311859] system 00:07: Plug and Play ACPI device, IDs PNP0c02 (active)
[    0.312050] system 00:08: [mem 0x00000000-0x0009ffff] could not be reserved
[    0.312052] system 00:08: [mem 0x000c0000-0x000cffff] could not be reserved
[    0.312054] system 00:08: [mem 0x000e0000-0x000fffff] could not be reserved
[    0.312055] system 00:08: [mem 0x00100000-0xcfffffff] could not be reserved
[    0.312057] system 00:08: [mem 0xfec00000-0xffffffff] could not be reserved
[    0.312059] system 00:08: Plug and Play ACPI device, IDs PNP0c01 (active)
[    0.312131] pnp: PnP ACPI: found 9 devices
[    0.318641] pci 0000:00:01.0: PCI bridge to [bus 01]
[    0.318644] pci 0000:00:01.0:   bridge window [io  0xc000-0xcfff]
[    0.318647] pci 0000:00:01.0:   bridge window [mem 0xfe800000-0xfe9fffff]
[    0.318649] pci 0000:00:01.0:   bridge window [mem 0xd0000000-0xdfffffff 64bit pref]
[    0.318652] pci 0000:00:0a.0: PCI bridge to [bus 02]
[    0.318653] pci 0000:00:0a.0:   bridge window [io  0xd000-0xdfff]
[    0.318656] pci 0000:00:0a.0:   bridge window [mem 0xfea00000-0xfeafffff]
[    0.318658] pci 0000:00:0a.0:   bridge window [mem 0xfdf00000-0xfdffffff 64bit pref]
[    0.318660] pci 0000:00:14.4: PCI bridge to [bus 03]
[    0.318663] pci 0000:00:14.4:   bridge window [io  0xe000-0xefff]
[    0.318667] pci 0000:00:14.4:   bridge window [mem 0xfeb00000-0xfebfffff]
[    0.318675] pci_bus 0000:00: resource 4 [io  0x0000-0x0cf7]
[    0.318676] pci_bus 0000:00: resource 5 [io  0x0d00-0xffff]
[    0.318678] pci_bus 0000:00: resource 6 [mem 0x000a0000-0x000bffff]
[    0.318679] pci_bus 0000:00: resource 7 [mem 0x000d0000-0x000dffff]
[    0.318681] pci_bus 0000:00: resource 8 [mem 0xd0000000-0xdfffffff]
[    0.318682] pci_bus 0000:00: resource 9 [mem 0xf0000000-0xfebfffff]
[    0.318683] pci_bus 0000:01: resource 0 [io  0xc000-0xcfff]
[    0.318685] pci_bus 0000:01: resource 1 [mem 0xfe800000-0xfe9fffff]
[    0.318686] pci_bus 0000:01: resource 2 [mem 0xd0000000-0xdfffffff 64bit pref]
[    0.318688] pci_bus 0000:02: resource 0 [io  0xd000-0xdfff]
[    0.318689] pci_bus 0000:02: resource 1 [mem 0xfea00000-0xfeafffff]
[    0.318691] pci_bus 0000:02: resource 2 [mem 0xfdf00000-0xfdffffff 64bit pref]
[    0.318692] pci_bus 0000:03: resource 0 [io  0xe000-0xefff]
[    0.318694] pci_bus 0000:03: resource 1 [mem 0xfeb00000-0xfebfffff]
[    0.318695] pci_bus 0000:03: resource 4 [io  0x0000-0x0cf7]
[    0.318696] pci_bus 0000:03: resource 5 [io  0x0d00-0xffff]
[    0.318698] pci_bus 0000:03: resource 6 [mem 0x000a0000-0x000bffff]
[    0.318699] pci_bus 0000:03: resource 7 [mem 0x000d0000-0x000dffff]
[    0.318700] pci_bus 0000:03: resource 8 [mem 0xd0000000-0xdfffffff]
[    0.318702] pci_bus 0000:03: resource 9 [mem 0xf0000000-0xfebfffff]
[    0.318728] NET: Registered protocol family 2
[    0.318923] TCP established hash table entries: 65536 (order: 7, 524288 bytes)
[    0.319107] TCP bind hash table entries: 65536 (order: 8, 1048576 bytes)
[    0.319364] TCP: Hash tables configured (established 65536 bind 65536)
[    0.319398] TCP: reno registered
[    0.319408] UDP hash table entries: 4096 (order: 5, 131072 bytes)
[    0.319466] UDP-Lite hash table entries: 4096 (order: 5, 131072 bytes)
[    0.319543] NET: Registered protocol family 1
[    0.319555] pci 0000:00:01.0: MSI quirk detected; subordinate MSI disabled
[    1.305505] pci 0000:01:05.0: Video device with shadowed ROM
[    1.305513] PCI: CLS 64 bytes, default 64
[    1.305572] Unpacking initramfs...
[    1.703793] Freeing initrd memory: 29180K (ffff8800346f2000 - ffff880036371000)
[    1.703803] PCI-DMA: Using software bounce buffering for IO (SWIOTLB)
[    1.703806] software IO TLB [mem 0xcbf90000-0xcff90000] (64MB) mapped at [ffff8800cbf90000-ffff8800cff8ffff]
[    1.704051] microcode: CPU0: patch_level=0x010000b6
[    1.704060] microcode: CPU1: patch_level=0x010000b6
[    1.704070] microcode: CPU2: patch_level=0x010000b6
[    1.704081] microcode: CPU3: patch_level=0x010000b6
[    1.704172] microcode: Microcode Update Driver: v2.00 <tigran@aivazian.fsnet.co.uk>, Peter Oruba
[    1.704175] LVT offset 1 assigned for vector 0x400
[    1.704181] IBS: LVT offset 1 assigned
[    1.704197] perf: AMD IBS detected (0x0000001f)
[    1.704781] futex hash table entries: 2048 (order: 5, 131072 bytes)
[    1.704817] Initialise system trusted keyring
[    1.704834] audit: initializing netlink subsys (disabled)
[    1.704849] audit: type=2000 audit(1434501977.588:1): initialized
[    1.705157] HugeTLB registered 2 MB page size, pre-allocated 0 pages
[    1.706546] zpool: loaded
[    1.706548] zbud: loaded
[    1.706722] VFS: Disk quotas dquot_6.5.2
[    1.706754] VFS: Dquot-cache hash table entries: 512 (order 0, 4096 bytes)
[    1.707146] Key type big_key registered
[    1.707161] smackfs: start 
[    1.707226] smackfs: End 
[    1.707954] alg: No test for stdrng (krng)
[    1.707966] NET: Registered protocol family 38
[    1.707972] Key type asymmetric registered
[    1.707975] Asymmetric key parser 'x509' registered
[    1.708006] Block layer SCSI generic (bsg) driver version 0.4 loaded (major 252)
[    1.708059] io scheduler noop registered
[    1.708061] io scheduler deadline registered
[    1.708089] io scheduler cfq registered (default)
[    1.708335] pci_hotplug: PCI Hot Plug PCI Core version: 0.5
[    1.708350] pciehp: PCI Express Hot Plug Controller Driver version: 0.4
[    1.708452] input: Power Button as /devices/LNXSYSTM:00/LNXSYBUS:00/PNP0C0C:00/input/input0
[    1.708455] ACPI: Power Button [PWRB]
[    1.708492] input: Power Button as /devices/LNXSYSTM:00/LNXPWRBN:00/input/input1
[    1.708494] ACPI: Power Button [PWRF]
[    1.709786] GHES: HEST is not enabled!
[    1.709853] Serial: 8250/16550 driver, 4 ports, IRQ sharing enabled
[    1.730458] 00:03: ttyS0 at I/O 0x3f8 (irq = 4, base_baud = 115200) is a 16550A
[    1.730898] Non-volatile memory driver v1.3
[    1.730900] Linux agpgart interface v0.103
[    1.731148] ahci 0000:00:11.0: version 3.0
[    1.731284] ahci 0000:00:11.0: AHCI 0001.0100 32 slots 4 ports 3 Gbps 0xf impl SATA mode
[    1.731287] ahci 0000:00:11.0: flags: 64bit ncq sntf ilck pm led clo pmp pio slum part ccc 
[    1.731789] scsi host0: ahci
[    1.731921] scsi host1: ahci
[    1.732018] scsi host2: ahci
[    1.732115] scsi host3: ahci
[    1.732148] ata1: SATA max UDMA/133 abar m1024@0xfe7ffc00 port 0xfe7ffd00 irq 22
[    1.732151] ata2: SATA max UDMA/133 abar m1024@0xfe7ffc00 port 0xfe7ffd80 irq 22
[    1.732153] ata3: SATA max UDMA/133 abar m1024@0xfe7ffc00 port 0xfe7ffe00 irq 22
[    1.732155] ata4: SATA max UDMA/133 abar m1024@0xfe7ffc00 port 0xfe7ffe80 irq 22
[    1.732232] libphy: Fixed MDIO Bus: probed
[    1.732328] ehci_hcd: USB 2.0 'Enhanced' Host Controller (EHCI) Driver
[    1.732337] ehci-pci: EHCI PCI platform driver
[    1.732446] ehci-pci 0000:00:12.2: EHCI Host Controller
[    1.732486] ehci-pci 0000:00:12.2: new USB bus registered, assigned bus number 1
[    1.732490] ehci-pci 0000:00:12.2: applying AMD SB700/SB800/Hudson-2/3 EHCI dummy qh workaround
[    1.732500] ehci-pci 0000:00:12.2: debug port 1
[    1.732535] ehci-pci 0000:00:12.2: irq 17, io mem 0xfe7ff800
[    1.738436] ehci-pci 0000:00:12.2: USB 2.0 started, EHCI 1.00
[    1.738472] usb usb1: New USB device found, idVendor=1d6b, idProduct=0002
[    1.738474] usb usb1: New USB device strings: Mfr=3, Product=2, SerialNumber=1
[    1.738476] usb usb1: Product: EHCI Host Controller
[    1.738477] usb usb1: Manufacturer: Linux 3.19.6 ehci_hcd
[    1.738478] usb usb1: SerialNumber: 0000:00:12.2
[    1.738601] hub 1-0:1.0: USB hub found
[    1.738606] hub 1-0:1.0: 6 ports detected
[    1.738789] ehci-pci 0000:00:13.2: EHCI Host Controller
[    1.738830] ehci-pci 0000:00:13.2: new USB bus registered, assigned bus number 2
[    1.738833] ehci-pci 0000:00:13.2: applying AMD SB700/SB800/Hudson-2/3 EHCI dummy qh workaround
[    1.738843] ehci-pci 0000:00:13.2: debug port 1
[    1.738875] ehci-pci 0000:00:13.2: irq 19, io mem 0xfe7ff400
[    1.744438] ehci-pci 0000:00:13.2: USB 2.0 started, EHCI 1.00
[    1.744489] usb usb2: New USB device found, idVendor=1d6b, idProduct=0002
[    1.744490] usb usb2: New USB device strings: Mfr=3, Product=2, SerialNumber=1
[    1.744491] usb usb2: Product: EHCI Host Controller
[    1.744493] usb usb2: Manufacturer: Linux 3.19.6 ehci_hcd
[    1.744494] usb usb2: SerialNumber: 0000:00:13.2
[    1.744608] hub 2-0:1.0: USB hub found
[    1.744612] hub 2-0:1.0: 6 ports detected
[    1.744720] ohci_hcd: USB 1.1 'Open' Host Controller (OHCI) Driver
[    1.744724] ohci-pci: OHCI PCI platform driver
[    1.744797] ohci-pci 0000:00:12.0: OHCI PCI host controller
[    1.744835] ohci-pci 0000:00:12.0: new USB bus registered, assigned bus number 3
[    1.744860] ohci-pci 0000:00:12.0: irq 16, io mem 0xfe7fe000
[    1.799509] usb usb3: New USB device found, idVendor=1d6b, idProduct=0001
[    1.799512] usb usb3: New USB device strings: Mfr=3, Product=2, SerialNumber=1
[    1.799513] usb usb3: Product: OHCI PCI host controller
[    1.799514] usb usb3: Manufacturer: Linux 3.19.6 ohci_hcd
[    1.799515] usb usb3: SerialNumber: 0000:00:12.0
[    1.799628] hub 3-0:1.0: USB hub found
[    1.799635] hub 3-0:1.0: 3 ports detected
[    1.799767] ohci-pci 0000:00:12.1: OHCI PCI host controller
[    1.799806] ohci-pci 0000:00:12.1: new USB bus registered, assigned bus number 4
[    1.799820] ohci-pci 0000:00:12.1: irq 16, io mem 0xfe7fd000
[    1.854510] usb usb4: New USB device found, idVendor=1d6b, idProduct=0001
[    1.854513] usb usb4: New USB device strings: Mfr=3, Product=2, SerialNumber=1
[    1.854514] usb usb4: Product: OHCI PCI host controller
[    1.854515] usb usb4: Manufacturer: Linux 3.19.6 ohci_hcd
[    1.854516] usb usb4: SerialNumber: 0000:00:12.1
[    1.854629] hub 4-0:1.0: USB hub found
[    1.854636] hub 4-0:1.0: 3 ports detected
[    1.854767] ohci-pci 0000:00:13.0: OHCI PCI host controller
[    1.854806] ohci-pci 0000:00:13.0: new USB bus registered, assigned bus number 5
[    1.854828] ohci-pci 0000:00:13.0: irq 18, io mem 0xfe7fc000
[    1.909506] usb usb5: New USB device found, idVendor=1d6b, idProduct=0001
[    1.909508] usb usb5: New USB device strings: Mfr=3, Product=2, SerialNumber=1
[    1.909509] usb usb5: Product: OHCI PCI host controller
[    1.909511] usb usb5: Manufacturer: Linux 3.19.6 ohci_hcd
[    1.909512] usb usb5: SerialNumber: 0000:00:13.0
[    1.909630] hub 5-0:1.0: USB hub found
[    1.909637] hub 5-0:1.0: 3 ports detected
[    1.909768] ohci-pci 0000:00:13.1: OHCI PCI host controller
[    1.909808] ohci-pci 0000:00:13.1: new USB bus registered, assigned bus number 6
[    1.909823] ohci-pci 0000:00:13.1: irq 18, io mem 0xfe7fb000
[    1.964510] usb usb6: New USB device found, idVendor=1d6b, idProduct=0001
[    1.964512] usb usb6: New USB device strings: Mfr=3, Product=2, SerialNumber=1
[    1.964513] usb usb6: Product: OHCI PCI host controller
[    1.964515] usb usb6: Manufacturer: Linux 3.19.6 ohci_hcd
[    1.964516] usb usb6: SerialNumber: 0000:00:13.1
[    1.964616] hub 6-0:1.0: USB hub found
[    1.964623] hub 6-0:1.0: 3 ports detected
[    1.964755] ohci-pci 0000:00:14.5: OHCI PCI host controller
[    1.964795] ohci-pci 0000:00:14.5: new USB bus registered, assigned bus number 7
[    1.964815] ohci-pci 0000:00:14.5: irq 18, io mem 0xfe7fa000
[    2.019509] usb usb7: New USB device found, idVendor=1d6b, idProduct=0001
[    2.019512] usb usb7: New USB device strings: Mfr=3, Product=2, SerialNumber=1
[    2.019513] usb usb7: Product: OHCI PCI host controller
[    2.019514] usb usb7: Manufacturer: Linux 3.19.6 ohci_hcd
[    2.019515] usb usb7: SerialNumber: 0000:00:14.5
[    2.019628] hub 7-0:1.0: USB hub found
[    2.019635] hub 7-0:1.0: 2 ports detected
[    2.019700] uhci_hcd: USB Universal Host Controller Interface driver
[    2.019748] usbcore: registered new interface driver usbserial
[    2.019754] usbcore: registered new interface driver usbserial_generic
[    2.019759] usbserial: USB Serial support registered for generic
[    2.019786] i8042: PNP: No PS/2 controller found. Probing ports directly.
[    2.020141] serio: i8042 KBD port at 0x60,0x64 irq 1
[    2.020144] serio: i8042 AUX port at 0x60,0x64 irq 12
[    2.020249] mousedev: PS/2 mouse device common for all mice
[    2.020431] rtc_cmos 00:01: RTC can wake from S4
[    2.020546] rtc_cmos 00:01: rtc core: registered rtc_cmos as rtc0
[    2.020569] rtc_cmos 00:01: alarms up to one month, y3k, 114 bytes nvram, hpet irqs
[    2.020624] device-mapper: uevent: version 1.0.3
[    2.020685] device-mapper: ioctl: 4.29.0-ioctl (2014-10-28) initialised: dm-devel@redhat.com
[    2.021068] hidraw: raw HID events driver (C) Jiri Kosina
[    2.021160] usbcore: registered new interface driver usbhid
[    2.021161] usbhid: USB HID core driver
[    2.021214] drop_monitor: Initializing network drop monitor service
[    2.021276] ip_tables: (C) 2000-2006 Netfilter Core Team
[    2.021392] TCP: cubic registered
[    2.021398] Initializing XFRM netlink socket
[    2.021494] NET: Registered protocol family 10
[    2.021676] mip6: Mobile IPv6
[    2.021678] NET: Registered protocol family 17
[    2.022027] Loading compiled-in X.509 certificates
[    2.022891] Loaded X.509 cert 'Magrathea: Glacier signing key: b3f718e5ad3188151c75fc0646a424459af546ad'
[    2.022903] registered taskstats version 1
[    2.023232]   Magic number: 3:509:759
[    2.023313] rtc_cmos 00:01: setting system clock to 2015-06-17 00:46:18 UTC (1434501978)
[    2.023349] PM: Hibernation image not present or could not be loaded.
[    2.036460] ata2: SATA link down (SStatus 0 SControl 300)
[    2.036491] ata4: SATA link down (SStatus 0 SControl 300)
[    2.036527] ata3: SATA link down (SStatus 0 SControl 300)
[    2.191448] ata1: SATA link up 3.0 Gbps (SStatus 123 SControl 300)
[    2.197856] ata1.00: ATA-7: SAMSUNG HD322HJ, 1AC01118, max UDMA7
[    2.197858] ata1.00: 625142448 sectors, multi 16: LBA48 NCQ (depth 31/32), AA
[    2.204324] ata1.00: configured for UDMA/133
[    2.204483] scsi 0:0:0:0: Direct-Access     ATA      SAMSUNG HD322HJ  1118 PQ: 0 ANSI: 5
[    2.204676] sd 0:0:0:0: [sda] 625142448 512-byte logical blocks: (320 GB/298 GiB)
[    2.204701] sd 0:0:0:0: [sda] Write Protect is off
[    2.204702] sd 0:0:0:0: [sda] Mode Sense: 00 3a 00 00
[    2.204710] sd 0:0:0:0: Attached scsi generic sg0 type 0
[    2.204713] sd 0:0:0:0: [sda] Write cache: enabled, read cache: enabled, doesn't support DPO or FUA
[    2.215544]  sda: sda1 sda2
[    2.215750] sd 0:0:0:0: [sda] Attached SCSI disk
[    2.216176] Freeing unused kernel memory: 1480K (ffffffff81d20000 - ffffffff81e92000)
[    2.216178] Write protecting the kernel read-only data: 12288k
[    2.216488] Freeing unused kernel memory: 588K (ffff88000176d000 - ffff880001800000)
[    2.216758] Freeing unused kernel memory: 812K (ffff880001b35000 - ffff880001c00000)
[    2.219056] systemd[1]: systemd 208 running in system mode. (+PAM +LIBWRAP +AUDIT +SELINUX +IMA +SYSVINIT +LIBCRYPTSETUP +GCRYPT +ACL +XZ)
[    2.219199] systemd[1]: Running in initial RAM disk.
[    2.219238] systemd[1]: Set hostname to <localhost.localdomain>.
[    2.230828] random: systemd urandom read with 16 bits of entropy available
[    2.232459] usb 5-1: new low-speed USB device number 2 using ohci-pci
[    2.253394] systemd[1]: Expecting device dev-mapper-fedora\x2droot.device...
[    2.253407] systemd[1]: Starting -.slice.
[    2.253623] systemd[1]: Created slice -.slice.
[    2.253633] systemd[1]: Starting System Slice.
[    2.253687] systemd[1]: Created slice System Slice.
[    2.253695] systemd[1]: Starting Slices.
[    2.253704] systemd[1]: Reached target Slices.
[    2.253711] systemd[1]: Starting Timers.
[    2.253719] systemd[1]: Reached target Timers.
[    2.253731] systemd[1]: Starting udev Kernel Socket.
[    2.253751] systemd[1]: Listening on udev Kernel Socket.
[    2.253762] systemd[1]: Starting udev Control Socket.
[    2.253786] systemd[1]: Listening on udev Control Socket.
[    2.253795] systemd[1]: Starting Journal Socket.
[    2.253828] systemd[1]: Listening on Journal Socket.
[    2.253905] systemd[1]: Starting dracut cmdline hook...
[    2.254242] systemd[1]: Started Load Kernel Modules.
[    2.254255] systemd[1]: Starting Sockets.
[    2.254265] systemd[1]: Reached target Sockets.
[    2.254280] systemd[1]: Starting Setup Virtual Console...
[    2.254584] systemd[1]: Starting Journal Service...
[    2.254910] systemd[1]: Started Journal Service.
[    2.314855] systemd-udevd[197]: starting version 208
[    2.346316] scsi host4: pata_atiixp
[    2.346646] scsi host5: pata_atiixp
[    2.346689] ata5: PATA max UDMA/100 cmd 0x1f0 ctl 0x3f6 bmdma 0xff00 irq 14
[    2.346691] ata6: PATA max UDMA/100 cmd 0x170 ctl 0x376 bmdma 0xff08 irq 15
[    2.379467] usb 5-1: New USB device found, idVendor=093a, idProduct=2521
[    2.379471] usb 5-1: New USB device strings: Mfr=0, Product=2, SerialNumber=0
[    2.379473] usb 5-1: Product: USB OPTICAL MOUSE
[    2.388771] input: USB OPTICAL MOUSE as /devices/pci0000:00/0000:00:13.0/usb5/5-1/5-1:1.0/0003:093A:2521.0001/input/input5
[    2.388872] hid-generic 0003:093A:2521.0001: input,hidraw0: USB HID v1.11 Mouse [USB OPTICAL MOUSE] on usb-0000:00:13.0-1/input0
[    2.398015] [drm] Initialized drm 1.1.0 20060810
[    2.511452] usb 5-2: new low-speed USB device number 3 using ohci-pci
[    2.658462] usb 5-2: New USB device found, idVendor=0566, idProduct=3032
[    2.658466] usb 5-2: New USB device strings: Mfr=0, Product=0, SerialNumber=0
[    2.666712] input: HID 0566:3032 as /devices/pci0000:00/0000:00:13.0/usb5/5-2/5-2:1.0/0003:0566:3032.0002/input/input6
[    2.706436] tsc: Refined TSC clocksource calibration: 3199.999 MHz
[    2.717609] hid-generic 0003:0566:3032.0002: input,hidraw1: USB HID v1.11 Keyboard [HID 0566:3032] on usb-0000:00:13.0-2/input0
[    2.718811] [drm] radeon kernel modesetting enabled.
[    2.719841] [drm] initializing kernel modesetting (RS880 0x1002:0x9715 0x1043:0x843E).
[    2.719852] [drm] register mmio base: 0xFE9F0000
[    2.719853] [drm] register mmio size: 65536
[    2.720397] ATOM BIOS: 113
[    2.720438] radeon 0000:01:05.0: VRAM: 256M 0x00000000C0000000 - 0x00000000CFFFFFFF (256M used)
[    2.720440] radeon 0000:01:05.0: GTT: 512M 0x00000000A0000000 - 0x00000000BFFFFFFF
[    2.720443] [drm] Detected VRAM RAM=256M, BAR=256M
[    2.720444] [drm] RAM width 32bits DDR
[    2.720505] [TTM] Zone  kernel: Available graphics memory: 3958956 kiB
[    2.720506] [TTM] Zone   dma32: Available graphics memory: 2097152 kiB
[    2.720507] [TTM] Initializing pool allocator
[    2.720511] [TTM] Initializing DMA pool allocator
[    2.720532] [drm] radeon: 256M of VRAM memory ready
[    2.720533] [drm] radeon: 512M of GTT memory ready.
[    2.720543] [drm] Loading RS780 Microcode
[    2.720600] [drm] radeon: power management initialized
[    2.720671] [drm] GART: num cpu pages 131072, num gpu pages 131072
[    2.725544] input: HID 0566:3032 as /devices/pci0000:00/0000:00:13.0/usb5/5-2/5-2:1.1/0003:0566:3032.0003/input/input7
[    2.726066] [drm] PCIE GART of 512M enabled (table at 0x00000000C0258000).
[    2.726122] radeon 0000:01:05.0: WB enabled
[    2.726124] radeon 0000:01:05.0: fence driver on ring 0 use gpu addr 0x00000000a0000c00 and cpu addr 0xffff880210d2ec00
[    2.730667] radeon 0000:01:05.0: fence driver on ring 5 use gpu addr 0x00000000c0056038 and cpu addr 0xffffc90010f96038
[    2.730669] [drm] Supports vblank timestamp caching Rev 2 (21.10.2013).
[    2.730670] [drm] Driver supports precise vblank timestamp query.
[    2.730671] radeon 0000:01:05.0: radeon: MSI limited to 32-bit
[    2.730683] [drm] radeon: irq initialized.
[    2.762958] [drm] ring test on 0 succeeded in 1 usecs
[    2.776560] hid-generic 0003:0566:3032.0003: input,hidraw2: USB HID v1.11 Device [HID 0566:3032] on usb-0000:00:13.0-2/input1
[    2.939022] [drm] ring test on 5 succeeded in 1 usecs
[    2.939026] [drm] UVD initialized successfully.
[    2.939357] [drm] ib test on ring 0 succeeded in 0 usecs
[    3.589457] [drm] ib test on ring 5 succeeded
[    3.589751] [drm] Radeon Display Connectors
[    3.589753] [drm] Connector 0:
[    3.589754] [drm]   VGA-1
[    3.589756] [drm]   DDC: 0x7e40 0x7e40 0x7e44 0x7e44 0x7e48 0x7e48 0x7e4c 0x7e4c
[    3.589757] [drm]   Encoders:
[    3.589757] [drm]     CRT1: INTERNAL_KLDSCP_DAC1
[    3.589758] [drm] Connector 1:
[    3.589759] [drm]   HDMI-A-1
[    3.589760] [drm]   HPD3
[    3.589761] [drm]   DDC: 0x7e50 0x7e50 0x7e54 0x7e54 0x7e58 0x7e58 0x7e5c 0x7e5c
[    3.589762] [drm]   Encoders:
[    3.589762] [drm]     DFP3: INTERNAL_KLDSCP_LVTMA
[    3.636947] [drm] fb mappable at 0xD0359000
[    3.636949] [drm] vram apper at 0xD0000000
[    3.636950] [drm] size 5242880
[    3.636951] [drm] fb depth is 24
[    3.636952] [drm]    pitch is 5120
[    3.637023] fbcon: radeondrmfb (fb0) is primary device
[    3.654759] Console: switching to colour frame buffer device 160x64
[    3.666457] radeon 0000:01:05.0: fb0: radeondrmfb frame buffer device
[    3.666458] radeon 0000:01:05.0: registered panic notifier
[    3.674544] [drm] Initialized radeon 2.40.0 20080528 for 0000:01:05.0 on minor 0
[    3.718590] Switched to clocksource tsc
[    3.987473] PM: Starting manual resume from disk
[    3.987478] PM: Hibernation image partition 253:1 present
[    3.987479] PM: Looking for hibernation image.
[    3.987612] PM: Image not found (code -22)
[    3.987613] PM: Hibernation image not present or could not be loaded.
[    3.987618] random: nonblocking pool is initialized
[    3.997717] EXT4-fs (dm-0): INFO: recovery required on readonly filesystem
[    3.997720] EXT4-fs (dm-0): write access will be enabled during recovery
[    7.003749] EXT4-fs (dm-0): orphan cleanup on readonly fs
[    7.003819] EXT4-fs (dm-0): 2 orphan inodes deleted
[    7.003820] EXT4-fs (dm-0): recovery complete
[    7.077670] EXT4-fs (dm-0): mounted filesystem with ordered data mode. Opts: (null)
[    7.202577] systemd-journald[111]: Received SIGTERM
[   10.076277] systemd-udevd[442]: starting version 208
[   10.727133] EXT4-fs (dm-0): re-mounted. Opts: (null)
[   11.832516] acpi-cpufreq: overriding BIOS provided _PSD data
[   11.853315] wmi: Mapper loaded
[   11.862539] parport_pc 00:02: reported by Plug and Play ACPI
[   11.862591] parport0: PC-style at 0x378, irq 7 [PCSPP,TRISTATE]
[   11.862964] shpchp: Standard Hot Plug PCI Controller Driver version: 0.4
[   11.874234] r8169 Gigabit Ethernet driver 2.3LK-NAPI loaded
[   11.874246] r8169 0000:02:00.0: can't disable ASPM; OS doesn't have ASPM control
[   11.874748] r8169 0000:02:00.0 eth0: RTL8168d/8111d at 0xffffc90010ee6000, 20:cf:30:c2:70:c7, XID 083000c0 IRQ 25
[   11.874751] r8169 0000:02:00.0 eth0: jumbo features [frames: 9200 bytes, tx checksumming: ko]
[   11.874770] r8169 Gigabit Ethernet driver 2.3LK-NAPI loaded
[   11.874823] r8169 0000:03:05.0 (unnamed net_device) (uninitialized): not PCI Express
[   11.875110] r8169 0000:03:05.0 eth1: RTL8169sb/8110sb at 0xffffc90010ee8c00, 64:e5:99:f3:05:19, XID 10000000 IRQ 20
[   11.875112] r8169 0000:03:05.0 eth1: jumbo features [frames: 7152 bytes, tx checksumming: ok]
[   11.886726] MCE: In-kernel MCE decoding enabled.
[   11.887004] ACPI Warning: SystemIO range 0x0000000000000b00-0x0000000000000b07 conflicts with OpRegion 0x0000000000000b00-0x0000000000000b0f (\SOR1) (20141107/utaddress-258)
[   11.887010] ACPI Warning: SystemIO range 0x0000000000000b00-0x0000000000000b07 conflicts with OpRegion 0x0000000000000b00-0x0000000000000b2f (\SMRG) (20141107/utaddress-258)
[   11.887015] ACPI Warning: SystemIO range 0x0000000000000b00-0x0000000000000b07 conflicts with OpRegion 0x0000000000000b00-0x0000000000000b2f (\_SB_.PCI0.SBRG.ASOC.SMRG) (20141107/utaddress-258)
[   11.887018] ACPI: If an ACPI driver is available for this device, you should use it instead of the native driver
[   11.889786] sp5100_tco: SP5100/SB800 TCO WatchDog Timer Driver v0.05
[   11.889832] sp5100_tco: PCI Revision ID: 0x3c
[   11.889848] sp5100_tco: failed to find MMIO address, giving up.
[   11.893587] input: PC Speaker as /devices/platform/pcspkr/input/input8
[   11.898611] EDAC MC: Ver: 3.0.0
[   11.903354] AMD64 EDAC driver v3.4.0
[   11.903387] EDAC amd64: DRAM ECC disabled.
[   11.903394] EDAC amd64: ECC disabled in the BIOS or no ECC capability, module will not load.
 Either enable ECC checking or force module loading by setting 'ecc_enable_override'.
 (Note that use of the override may cause unknown side effects.)
[   12.005754] MPU-401 device not found or device busy
[   12.162930] ppdev: user-space parallel port driver
[   12.171182] r8169 0000:03:05.0 p4p1: renamed from eth1
[   12.180650] r8169 0000:02:00.0 p10p1: renamed from eth0
[   12.180659] systemd-udevd[471]: renamed network interface eth1 to p4p1
[   12.198736] systemd-udevd[466]: renamed network interface eth0 to p10p1
[   12.996805] RPC: Registered named UNIX socket transport module.
[   12.996809] RPC: Registered udp transport module.
[   12.996810] RPC: Registered tcp transport module.
[   12.996811] RPC: Registered tcp NFSv4.1 backchannel transport module.
[   13.184994] input: HDA ATI HDMI HDMI/DP,pcm=3 as /devices/pci0000:00/0000:00:01.0/0000:01:05.1/sound/card1/input9
[   13.201276] sound hdaudioC0D0: autoconfig: line_outs=1 (0x14/0x0/0x0/0x0/0x0) type:line
[   13.201282] sound hdaudioC0D0:    speaker_outs=0 (0x0/0x0/0x0/0x0/0x0)
[   13.201285] sound hdaudioC0D0:    hp_outs=1 (0x1b/0x0/0x0/0x0/0x0)
[   13.201287] sound hdaudioC0D0:    mono: mono_out=0x0
[   13.201289] sound hdaudioC0D0:    dig-out=0x11/0x1e
[   13.201291] sound hdaudioC0D0:    inputs:
[   13.201293] sound hdaudioC0D0:      Front Mic=0x19
[   13.201296] sound hdaudioC0D0:      Rear Mic=0x18
[   13.201298] sound hdaudioC0D0:      Line=0x1a
[   13.221046] input: HDA ATI SB Front Mic as /devices/pci0000:00/0000:00:14.2/sound/card0/input10
[   13.221148] input: HDA ATI SB Rear Mic as /devices/pci0000:00/0000:00:14.2/sound/card0/input11
[   13.221225] input: HDA ATI SB Line as /devices/pci0000:00/0000:00:14.2/sound/card0/input12
[   13.221297] input: HDA ATI SB Line Out as /devices/pci0000:00/0000:00:14.2/sound/card0/input13
[   13.221373] input: HDA ATI SB Front Headphone as /devices/pci0000:00/0000:00:14.2/sound/card0/input14
[   13.797032] kvm: disabled by bios
[   14.973841] Installing knfsd (copyright (C) 1996 okir@monad.swb.de).
[   15.259588] Adding 8011772k swap on /dev/mapper/fedora-swap.  Priority:-1 extents:1 across:8011772k FS
[   16.855401] EXT4-fs (sda1): mounted filesystem with ordered data mode. Opts: (null)
[   23.910177] EXT4-fs (dm-2): mounted filesystem with ordered data mode. Opts: (null)
[   23.920981] systemd-journald[419]: Received request to flush runtime journal from PID 1
[   24.462656] systemd-journald[419]: File /var/log/journal/3bda5522f6c94ae59b71ef039199a645/system.journal corrupted or uncleanly shut down, renaming and replacing.
[   24.739734] audit: type=1305 audit(1434502001.215:2): audit_pid=605 old=0 auid=4294967295 ses=4294967295 subj=_ res=1
[   25.806506] systemd[1]: Unit mcelog.service entered failed state.
[   27.548538] nf_conntrack version 0.5.0 (16384 buckets, 65536 max)
[   27.658380] ip6_tables: (C) 2000-2006 Netfilter Core Team
[   27.765037] Ebtables v2.0 registered
[   28.329018] bridge: automatic filtering via arp/ip/ip6tables has been deprecated. Update your scripts to load br_netfilter if you need this.
[   30.727022] cfg80211: Calling CRDA to update world regulatory domain
[   30.755855] cfg80211: World regulatory domain updated:
[   30.755864] cfg80211:  DFS Master region: unset
[   30.755868] cfg80211:   (start_freq - end_freq @ bandwidth), (max_antenna_gain, max_eirp), (dfs_cac_time)
[   30.755876] cfg80211:   (2402000 KHz - 2472000 KHz @ 40000 KHz), (N/A, 2000 mBm), (N/A)
[   30.755882] cfg80211:   (2457000 KHz - 2482000 KHz @ 40000 KHz), (N/A, 2000 mBm), (N/A)
[   30.755887] cfg80211:   (2474000 KHz - 2494000 KHz @ 20000 KHz), (N/A, 2000 mBm), (N/A)
[   30.755893] cfg80211:   (5170000 KHz - 5250000 KHz @ 80000 KHz, 160000 KHz AUTO), (N/A, 2000 mBm), (N/A)
[   30.755899] cfg80211:   (5250000 KHz - 5330000 KHz @ 80000 KHz, 160000 KHz AUTO), (N/A, 2000 mBm), (0 s)
[   30.755905] cfg80211:   (5490000 KHz - 5730000 KHz @ 160000 KHz), (N/A, 2000 mBm), (0 s)
[   30.755910] cfg80211:   (5735000 KHz - 5835000 KHz @ 80000 KHz), (N/A, 2000 mBm), (N/A)
[   30.755916] cfg80211:   (57240000 KHz - 63720000 KHz @ 2160000 KHz), (N/A, 0 mBm), (N/A)
[   31.394800] r8169 0000:02:00.0 p10p1: link down
[   31.394837] IPv6: ADDRCONF(NETDEV_UP): p10p1: link is not ready
[   31.397986] r8169 0000:03:05.0 p4p1: link down
[   31.398014] IPv6: ADDRCONF(NETDEV_UP): p4p1: link is not ready
[   31.399891] r8169 0000:03:05.0 p4p1: link down
[   32.595116] Bluetooth: Core ver 2.20
[   32.595146] NET: Registered protocol family 31
[   32.595148] Bluetooth: HCI device and connection manager initialized
[   32.595153] Bluetooth: HCI socket layer initialized
[   32.595156] Bluetooth: L2CAP socket layer initialized
[   32.595166] Bluetooth: SCO socket layer initialized
[   32.898415] Bluetooth: BNEP (Ethernet Emulation) ver 1.3
[   32.898424] Bluetooth: BNEP filters: protocol multicast
[   32.898435] Bluetooth: BNEP socket layer initialized
[   34.124996] r8169 0000:03:05.0 p4p1: link up
[   34.125007] IPv6: ADDRCONF(NETDEV_CHANGE): p4p1: link becomes ready
