[    0.000000] Initializing cgroup subsys cpuset
[    0.000000] Initializing cgroup subsys cpu
[    0.000000] Initializing cgroup subsys cpuacct
[    0.000000] Linux version 3.19.6 (root@localhost.localdomain) (gcc version 4.8.3 20140911 (Red Hat 4.8.3-7) (GCC) ) #8 SMP Thu Jun 18 16:20:37 KST 2015
[    0.000000] Command line: BOOT_IMAGE=/vmlinuz-3.19.6 root=/dev/mapper/fedora-root ro rd.lvm.lv=fedora/swap vconsole.font=latarcyrheb-sun16 rd.lvm.lv=fedora/root rhgb quiet LANG=ko_KR.UTF-8
[    0.000000] tseg: 0000000000
[    0.000000] e820: BIOS-provided physical RAM map:
[    0.000000] BIOS-e820: [mem 0x0000000000000000-0x000000000009ebff] usable
[    0.000000] BIOS-e820: [mem 0x000000000009ec00-0x000000000009ffff] reserved
[    0.000000] BIOS-e820: [mem 0x00000000000e2000-0x00000000000fffff] reserved
[    0.000000] BIOS-e820: [mem 0x0000000000100000-0x00000000cff8ffff] usable
[    0.000000] BIOS-e820: [mem 0x00000000cff90000-0x00000000cffa7fff] ACPI data
[    0.000000] BIOS-e820: [mem 0x00000000cffa8000-0x00000000cffcffff] ACPI NVS
[    0.000000] BIOS-e820: [mem 0x00000000cffd0000-0x00000000cfffffff] reserved
[    0.000000] BIOS-e820: [mem 0x00000000ffa00000-0x00000000ffffffff] reserved
[    0.000000] BIOS-e820: [mem 0x0000000100000000-0x000000021fffffff] usable
[    0.000000] NX (Execute Disable) protection: active
[    0.000000] SMBIOS 2.5 present.
[    0.000000] DMI: System manufacturer System Product Name/M4A88T-M LE, BIOS 0303    09/30/2010
[    0.000000] e820: update [mem 0x00000000-0x00000fff] usable ==> reserved
[    0.000000] e820: remove [mem 0x000a0000-0x000fffff] usable
[    0.000000] e820: last_pfn = 0x220000 max_arch_pfn = 0x400000000
[    0.000000] MTRR default type: uncachable
[    0.000000] MTRR fixed ranges enabled:
[    0.000000]   00000-9FFFF write-back
[    0.000000]   A0000-EFFFF uncachable
[    0.000000]   F0000-FFFFF write-protect
[    0.000000] MTRR variable ranges enabled:
[    0.000000]   0 base 000000000000 mask FFFF80000000 write-back
[    0.000000]   1 base 000080000000 mask FFFFC0000000 write-back
[    0.000000]   2 base 0000C0000000 mask FFFFF0000000 write-back
[    0.000000]   3 disabled
[    0.000000]   4 disabled
[    0.000000]   5 disabled
[    0.000000]   6 disabled
[    0.000000]   7 disabled
[    0.000000] TOM2: 0000000230000000 aka 8960M
[    0.000000] PAT configuration [0-7]: WB  WC  UC- UC  WB  WC  UC- UC  
[    0.000000] e820: update [mem 0xd0000000-0xffffffff] usable ==> reserved
[    0.000000] e820: last_pfn = 0xcff90 max_arch_pfn = 0x400000000
[    0.000000] found SMP MP-table at [mem 0x000ff780-0x000ff78f] mapped at [ffff8800000ff780]
[    0.000000] Base memory trampoline at [ffff880000098000] 98000 size 24576
[    0.000000] Using GB pages for direct mapping
[    0.000000] init_memory_mapping: [mem 0x00000000-0x000fffff]
[    0.000000]  [mem 0x00000000-0x000fffff] page 4k
[    0.000000] BRK [0x01ff8000, 0x01ff8fff] PGTABLE
[    0.000000] BRK [0x01ff9000, 0x01ff9fff] PGTABLE
[    0.000000] BRK [0x01ffa000, 0x01ffafff] PGTABLE
[    0.000000] init_memory_mapping: [mem 0x21fe00000-0x21fffffff]
[    0.000000]  [mem 0x21fe00000-0x21fffffff] page 2M
[    0.000000] BRK [0x01ffb000, 0x01ffbfff] PGTABLE
[    0.000000] init_memory_mapping: [mem 0x200000000-0x21fdfffff]
[    0.000000]  [mem 0x200000000-0x21fdfffff] page 2M
[    0.000000] init_memory_mapping: [mem 0x00100000-0xcff8ffff]
[    0.000000]  [mem 0x00100000-0x001fffff] page 4k
[    0.000000]  [mem 0x00200000-0x3fffffff] page 2M
[    0.000000]  [mem 0x40000000-0xbfffffff] page 1G
[    0.000000]  [mem 0xc0000000-0xcfdfffff] page 2M
[    0.000000]  [mem 0xcfe00000-0xcff8ffff] page 4k
[    0.000000] init_memory_mapping: [mem 0x100000000-0x1ffffffff]
[    0.000000]  [mem 0x100000000-0x1ffffffff] page 1G
[    0.000000] RAMDISK: [mem 0x346f2000-0x36370fff]
[    0.000000] ACPI: Early table checksum verification disabled
[    0.000000] ACPI: RSDP 0x00000000000FB1A0 000024 (v02 ACPIAM)
[    0.000000] ACPI: XSDT 0x00000000CFF90100 00005C (v01 093010 XSDT1359 20100930 MSFT 00000097)
[    0.000000] ACPI: FACP 0x00000000CFF90290 0000F4 (v03 093010 FACP1359 20100930 MSFT 00000097)
[    0.000000] ACPI BIOS Warning (bug): Optional FADT field Pm2ControlBlock has zero address or length: 0x0000000000000000/0x1 (20141107/tbfadt-649)
[    0.000000] ACPI BIOS Warning (bug): 32/64X length mismatch in FADT/Gpe0Block: 64/32 (20141107/tbfadt-618)
[    0.000000] ACPI: DSDT 0x00000000CFF90450 00E895 (v01 A1739  A1739001 00000001 INTL 20060113)
[    0.000000] ACPI: FACS 0x00000000CFFA8000 000040
[    0.000000] ACPI: APIC 0x00000000CFF90390 00007C (v01 093010 APIC1359 20100930 MSFT 00000097)
[    0.000000] ACPI: MCFG 0x00000000CFF90410 00003C (v01 093010 OEMMCFG  20100930 MSFT 00000097)
[    0.000000] ACPI: OEMB 0x00000000CFFA8040 000072 (v01 093010 OEMB1359 20100930 MSFT 00000097)
[    0.000000] ACPI: SRAT 0x00000000CFF9F8A0 0000E8 (v01 AMD    FAM_F_10 00000002 AMD  00000001)
[    0.000000] ACPI: HPET 0x00000000CFF9F990 000038 (v01 093010 OEMHPET  20100930 MSFT 00000097)
[    0.000000] ACPI: SSDT 0x00000000CFF9F9D0 00088C (v01 A M I  POWERNOW 00000001 AMD  00000001)
[    0.000000] ACPI: Local APIC address 0xfee00000
[    0.000000] SRAT: PXM 0 -> APIC 0x00 -> Node 0
[    0.000000] SRAT: PXM 0 -> APIC 0x01 -> Node 0
[    0.000000] SRAT: PXM 0 -> APIC 0x02 -> Node 0
[    0.000000] SRAT: PXM 0 -> APIC 0x03 -> Node 0
[    0.000000] SRAT: Node 0 PXM 0 [mem 0x00000000-0x0009ffff]
[    0.000000] SRAT: Node 0 PXM 0 [mem 0x00100000-0xcfffffff]
[    0.000000] SRAT: Node 0 PXM 0 [mem 0x100000000-0x22fffffff]
[    0.000000] NUMA: Node 0 [mem 0x00000000-0x0009ffff] + [mem 0x00100000-0xcfffffff] -> [mem 0x00000000-0xcfffffff]
[    0.000000] NUMA: Node 0 [mem 0x00000000-0xcfffffff] + [mem 0x100000000-0x21fffffff] -> [mem 0x00000000-0x21fffffff]
[    0.000000] NODE_DATA(0) allocated [mem 0x21ffea000-0x21fffdfff]
[    0.000000]  [ffffea0000000000-ffffea00087fffff] PMD -> [ffff880217a00000-ffff88021f5fffff] on node 0
[    0.000000] Zone ranges:
[    0.000000]   DMA      [mem 0x00001000-0x00ffffff]
[    0.000000]   DMA32    [mem 0x01000000-0xffffffff]
[    0.000000]   Normal   [mem 0x100000000-0x21fffffff]
[    0.000000] Movable zone start for each node
[    0.000000] Early memory node ranges
[    0.000000]   node   0: [mem 0x00001000-0x0009dfff]
[    0.000000]   node   0: [mem 0x00100000-0xcff8ffff]
[    0.000000]   node   0: [mem 0x100000000-0x21fffffff]
[    0.000000] Initmem setup node 0 [mem 0x00001000-0x21fffffff]
[    0.000000] On node 0 totalpages: 2031405
[    0.000000]   DMA zone: 64 pages used for memmap
[    0.000000]   DMA zone: 21 pages reserved
[    0.000000]   DMA zone: 3997 pages, LIFO batch:0
[    0.000000]   DMA32 zone: 13247 pages used for memmap
[    0.000000]   DMA32 zone: 847760 pages, LIFO batch:31
[    0.000000]   Normal zone: 18432 pages used for memmap
[    0.000000]   Normal zone: 1179648 pages, LIFO batch:31
[    0.000000] ACPI: PM-Timer IO Port: 0x808
[    0.000000] ACPI: Local APIC address 0xfee00000
[    0.000000] ACPI: LAPIC (acpi_id[0x01] lapic_id[0x00] enabled)
[    0.000000] ACPI: LAPIC (acpi_id[0x02] lapic_id[0x01] enabled)
[    0.000000] ACPI: LAPIC (acpi_id[0x03] lapic_id[0x02] enabled)
[    0.000000] ACPI: LAPIC (acpi_id[0x04] lapic_id[0x03] enabled)
[    0.000000] ACPI: LAPIC (acpi_id[0x05] lapic_id[0x84] disabled)
[    0.000000] ACPI: LAPIC (acpi_id[0x06] lapic_id[0x85] disabled)
[    0.000000] ACPI: IOAPIC (id[0x04] address[0xfec00000] gsi_base[0])
[    0.000000] IOAPIC[0]: apic_id 4, version 33, address 0xfec00000, GSI 0-23
[    0.000000] ACPI: INT_SRC_OVR (bus 0 bus_irq 0 global_irq 2 dfl dfl)
[    0.000000] ACPI: INT_SRC_OVR (bus 0 bus_irq 9 global_irq 9 low level)
[    0.000000] ACPI: IRQ0 used by override.
[    0.000000] ACPI: IRQ9 used by override.
[    0.000000] Using ACPI (MADT) for SMP configuration information
[    0.000000] ACPI: HPET id: 0x8300 base: 0xfed00000
[    0.000000] smpboot: Allowing 6 CPUs, 2 hotplug CPUs
[    0.000000] PM: Registered nosave memory: [mem 0x00000000-0x00000fff]
[    0.000000] PM: Registered nosave memory: [mem 0x0009e000-0x0009efff]
[    0.000000] PM: Registered nosave memory: [mem 0x0009f000-0x0009ffff]
[    0.000000] PM: Registered nosave memory: [mem 0x000a0000-0x000e1fff]
[    0.000000] PM: Registered nosave memory: [mem 0x000e2000-0x000fffff]
[    0.000000] PM: Registered nosave memory: [mem 0xcff90000-0xcffa7fff]
[    0.000000] PM: Registered nosave memory: [mem 0xcffa8000-0xcffcffff]
[    0.000000] PM: Registered nosave memory: [mem 0xcffd0000-0xcfffffff]
[    0.000000] PM: Registered nosave memory: [mem 0xd0000000-0xff9fffff]
[    0.000000] PM: Registered nosave memory: [mem 0xffa00000-0xffffffff]
[    0.000000] e820: [mem 0xd0000000-0xff9fffff] available for PCI devices
[    0.000000] Booting paravirtualized kernel on bare hardware
[    0.000000] setup_percpu: NR_CPUS:8 nr_cpumask_bits:8 nr_cpu_ids:6 nr_node_ids:1
[    0.000000] PERCPU: Embedded 31 pages/cpu @ffff88021fc00000 s86720 r8192 d32064 u262144
[    0.000000] pcpu-alloc: s86720 r8192 d32064 u262144 alloc=1*2097152
[    0.000000] pcpu-alloc: [0] 0 1 2 3 4 5 - - 
[    0.000000] Built 1 zonelists in Node order, mobility grouping on.  Total pages: 1999641
[    0.000000] Policy zone: Normal
[    0.000000] Kernel command line: BOOT_IMAGE=/vmlinuz-3.19.6 root=/dev/mapper/fedora-root ro rd.lvm.lv=fedora/swap vconsole.font=latarcyrheb-sun16 rd.lvm.lv=fedora/root rhgb quiet LANG=ko_KR.UTF-8
[    0.000000] PID hash table entries: 4096 (order: 3, 32768 bytes)
[    0.000000] Memory: 7885872K/8125620K available (7471K kernel code, 1127K rwdata, 3248K rodata, 1476K init, 1424K bss, 239748K reserved, 0K cma-reserved)
[    0.000000] SLUB: HWalign=64, Order=0-3, MinObjects=0, CPUs=6, Nodes=1
[    0.000000] Hierarchical RCU implementation.
[    0.000000] 	RCU dyntick-idle grace-period acceleration is enabled.
[    0.000000] 	RCU restricting CPUs from NR_CPUS=8 to nr_cpu_ids=6.
[    0.000000] RCU: Adjusting geometry for rcu_fanout_leaf=16, nr_cpu_ids=6
[    0.000000] NR_IRQS:4352 nr_irqs:472 16
[    0.000000] 	Offload RCU callbacks from all CPUs
[    0.000000] 	Offload RCU callbacks from CPUs: 0-5.
[    0.000000] spurious 8259A interrupt: IRQ7.
[    0.000000] Console: colour VGA+ 80x25
[    0.000000] console [tty0] enabled
[    0.000000] hpet clockevent registered
[    0.000000] tsc: Fast TSC calibration using PIT
[    0.000000] tsc: Detected 3200.136 MHz processor
[    0.000022] Calibrating delay loop (skipped), value calculated using timer frequency.. 6400.27 BogoMIPS (lpj=3200136)
[    0.000025] pid_max: default: 32768 minimum: 301
[    0.000031] ACPI: Core revision 20141107
[    0.006041] ACPI: All ACPI Tables successfully acquired
[    0.013295] Security Framework initialized
[    0.013304] Smack:  Initializing.
[    0.013307] Smack: smack_init OK 
[    0.013797] Dentry cache hash table entries: 1048576 (order: 11, 8388608 bytes)
[    0.016006] Inode-cache hash table entries: 524288 (order: 10, 4194304 bytes)
[    0.017000] Mount-cache hash table entries: 16384 (order: 5, 131072 bytes)
[    0.017010] Mountpoint-cache hash table entries: 16384 (order: 5, 131072 bytes)
[    0.017251] Initializing cgroup subsys memory
[    0.017257] Initializing cgroup subsys devices
[    0.017259] Initializing cgroup subsys freezer
[    0.017262] Initializing cgroup subsys net_cls
[    0.017264] Initializing cgroup subsys blkio
[    0.017266] Initializing cgroup subsys perf_event
[    0.017268] Initializing cgroup subsys net_prio
[    0.017270] Initializing cgroup subsys hugetlb
[    0.017289] CPU: Physical Processor ID: 0
[    0.017290] CPU: Processor Core ID: 0
[    0.017292] mce: CPU supports 6 MCE banks
[    0.017296] LVT offset 0 assigned for vector 0xf9
[    0.017301] Last level iTLB entries: 4KB 512, 2MB 16, 4MB 8
Last level dTLB entries: 4KB 512, 2MB 128, 4MB 64, 1GB 0
[    0.017388] Freeing SMP alternatives memory: 24K (ffffffff81e8c000 - ffffffff81e92000)
[    0.018062] ftrace: allocating 27327 entries in 107 pages
[    0.028010] ..TIMER: vector=0x30 apic1=0 pin1=2 apic2=-1 pin2=-1
[    0.038014] smpboot: CPU0: AMD Phenom(tm) II X4 955 Processor (fam: 10, model: 04, stepping: 03)
[    0.139180] Performance Events: AMD PMU driver.
[    0.139184] ... version:                0
[    0.139185] ... bit width:              48
[    0.139186] ... generic registers:      4
[    0.139187] ... value mask:             0000ffffffffffff
[    0.139187] ... max period:             00007fffffffffff
[    0.139188] ... fixed-purpose events:   0
[    0.139189] ... event mask:             000000000000000f
[    0.139709] NMI watchdog: enabled on all CPUs, permanently consumes one hw-PMU counter.
[    0.139791] x86: Booting SMP configuration:
[    0.139792] .... node  #0, CPUs:      #1 #2 #3
[    0.179322] x86: Booted up 1 node, 4 CPUs
[    0.179324] smpboot: Total of 4 processors activated (25601.08 BogoMIPS)
[    0.183831] devtmpfs: initialized
[    0.187314] PM: Registering ACPI NVS region [mem 0xcffa8000-0xcffcffff] (163840 bytes)
[    0.187455] atomic64_test: passed for x86-64 platform with CX8 and with SSE
[    0.187457] pinctrl core: initialized pinctrl subsystem
[    0.187493] RTC time:  7:56:13, date: 06/18/15
[    0.187582] NET: Registered protocol family 16
[    0.192957] cpuidle: using governor menu
[    0.192974] node 0 link 0: io port [1000, ffffff]
[    0.192977] TOM: 00000000d0000000 aka 3328M
[    0.192979] Fam 10h mmconf [mem 0xe0000000-0xefffffff]
[    0.192981] node 0 link 0: mmio [a0000, bffff]
[    0.192983] node 0 link 0: mmio [d0000000, efffffff] ==> [d0000000, dfffffff]
[    0.192985] node 0 link 0: mmio [f0000000, fe7fffff]
[    0.192986] node 0 link 0: mmio [fe800000, fe9fffff]
[    0.192987] node 0 link 0: mmio [fea00000, ffdfffff]
[    0.192988] TOM2: 0000000230000000 aka 8960M
[    0.192990] bus: [bus 00-07] on node 0 link 0
[    0.192991] bus: 00 [io  0x0000-0xffff]
[    0.192992] bus: 00 [mem 0x000a0000-0x000bffff]
[    0.192993] bus: 00 [mem 0xd0000000-0xdfffffff]
[    0.192994] bus: 00 [mem 0xf0000000-0xffffffff]
[    0.192995] bus: 00 [mem 0x230000000-0xfcffffffff]
[    0.193083] ACPI: bus type PCI registered
[    0.193085] acpiphp: ACPI Hot Plug PCI Controller Driver version: 0.5
[    0.193162] PCI: MMCONFIG for domain 0000 [bus 00-ff] at [mem 0xe0000000-0xefffffff] (base 0xe0000000)
[    0.193164] PCI: not using MMCONFIG
[    0.193165] PCI: Using configuration type 1 for base access
[    0.193166] PCI: Using configuration type 1 for extended access
[    0.198383] ACPI: Added _OSI(Module Device)
[    0.198385] ACPI: Added _OSI(Processor Device)
[    0.198386] ACPI: Added _OSI(3.0 _SCP Extensions)
[    0.198387] ACPI: Added _OSI(Processor Aggregator Device)
[    0.200779] ACPI: Executed 3 blocks of module-level executable AML code
[    0.280577] ACPI: Interpreter enabled
[    0.280588] ACPI Exception: AE_NOT_FOUND, While evaluating Sleep State [\_S2_] (20141107/hwxface-580)
[    0.280600] ACPI: (supports S0 S1 S3 S4 S5)
[    0.280602] ACPI: Using IOAPIC for interrupt routing
[    0.280619] PCI: MMCONFIG for domain 0000 [bus 00-ff] at [mem 0xe0000000-0xefffffff] (base 0xe0000000)
[    0.281628] PCI: MMCONFIG at [mem 0xe0000000-0xefffffff] reserved in ACPI motherboard resources
[    0.281975] PCI: Using host bridge windows from ACPI; if necessary, use "pci=nocrs" and report a bug
[    0.286714] ACPI: PCI Root Bridge [PCI0] (domain 0000 [bus 00-ff])
[    0.286719] acpi PNP0A03:00: _OSC: OS supports [ExtendedConfig ASPM ClockPM Segments MSI]
[    0.286723] acpi PNP0A03:00: _OSC failed (AE_NOT_FOUND); disabling ASPM
[    0.286939] PCI host bridge to bus 0000:00
[    0.286941] pci_bus 0000:00: root bus resource [bus 00-ff]
[    0.286943] pci_bus 0000:00: root bus resource [io  0x0000-0x0cf7]
[    0.286945] pci_bus 0000:00: root bus resource [io  0x0d00-0xffff]
[    0.286946] pci_bus 0000:00: root bus resource [mem 0x000a0000-0x000bffff]
[    0.286948] pci_bus 0000:00: root bus resource [mem 0x000d0000-0x000dffff]
[    0.286949] pci_bus 0000:00: root bus resource [mem 0xd0000000-0xdfffffff]
[    0.286951] pci_bus 0000:00: root bus resource [mem 0xf0000000-0xfebfffff]
[    0.286960] pci 0000:00:00.0: [1022:9601] type 00 class 0x060000
[    0.287046] pci 0000:00:01.0: [1043:9602] type 01 class 0x060400
[    0.287125] pci 0000:00:0a.0: [1022:9609] type 01 class 0x060400
[    0.287158] pci 0000:00:0a.0: PME# supported from D0 D3hot D3cold
[    0.287188] pci 0000:00:0a.0: System wakeup disabled by ACPI
[    0.287231] pci 0000:00:11.0: [1002:4390] type 00 class 0x01018f
[    0.287250] pci 0000:00:11.0: reg 0x10: [io  0xb000-0xb007]
[    0.287258] pci 0000:00:11.0: reg 0x14: [io  0xa000-0xa003]
[    0.287267] pci 0000:00:11.0: reg 0x18: [io  0x9000-0x9007]
[    0.287276] pci 0000:00:11.0: reg 0x1c: [io  0x8000-0x8003]
[    0.287285] pci 0000:00:11.0: reg 0x20: [io  0x7000-0x700f]
[    0.287294] pci 0000:00:11.0: reg 0x24: [mem 0xfe7ffc00-0xfe7fffff]
[    0.287314] pci 0000:00:11.0: set SATA to AHCI mode
[    0.287397] pci 0000:00:12.0: [1002:4397] type 00 class 0x0c0310
[    0.287410] pci 0000:00:12.0: reg 0x10: [mem 0xfe7fe000-0xfe7fefff]
[    0.287488] pci 0000:00:12.0: System wakeup disabled by ACPI
[    0.287520] pci 0000:00:12.1: [1002:4398] type 00 class 0x0c0310
[    0.287532] pci 0000:00:12.1: reg 0x10: [mem 0xfe7fd000-0xfe7fdfff]
[    0.287921] pci 0000:00:12.1: System wakeup disabled by ACPI
[    0.287956] pci 0000:00:12.2: [1002:4396] type 00 class 0x0c0320
[    0.287974] pci 0000:00:12.2: reg 0x10: [mem 0xfe7ff800-0xfe7ff8ff]
[    0.288055] pci 0000:00:12.2: supports D1 D2
[    0.288056] pci 0000:00:12.2: PME# supported from D0 D1 D2 D3hot
[    0.288088] pci 0000:00:12.2: System wakeup disabled by ACPI
[    0.288127] pci 0000:00:13.0: [1002:4397] type 00 class 0x0c0310
[    0.288139] pci 0000:00:13.0: reg 0x10: [mem 0xfe7fc000-0xfe7fcfff]
[    0.288218] pci 0000:00:13.0: System wakeup disabled by ACPI
[    0.288247] pci 0000:00:13.1: [1002:4398] type 00 class 0x0c0310
[    0.288260] pci 0000:00:13.1: reg 0x10: [mem 0xfe7fb000-0xfe7fbfff]
[    0.288337] pci 0000:00:13.1: System wakeup disabled by ACPI
[    0.288372] pci 0000:00:13.2: [1002:4396] type 00 class 0x0c0320
[    0.288389] pci 0000:00:13.2: reg 0x10: [mem 0xfe7ff400-0xfe7ff4ff]
[    0.288470] pci 0000:00:13.2: supports D1 D2
[    0.288471] pci 0000:00:13.2: PME# supported from D0 D1 D2 D3hot
[    0.288502] pci 0000:00:13.2: System wakeup disabled by ACPI
[    0.288541] pci 0000:00:14.0: [1002:4385] type 00 class 0x0c0500
[    0.288675] pci 0000:00:14.1: [1002:439c] type 00 class 0x01018a
[    0.288691] pci 0000:00:14.1: reg 0x10: [io  0x0000-0x0007]
[    0.288700] pci 0000:00:14.1: reg 0x14: [io  0x0000-0x0003]
[    0.288708] pci 0000:00:14.1: reg 0x18: [io  0x0000-0x0007]
[    0.288717] pci 0000:00:14.1: reg 0x1c: [io  0x0000-0x0003]
[    0.288725] pci 0000:00:14.1: reg 0x20: [io  0xff00-0xff0f]
[    0.288745] pci 0000:00:14.1: legacy IDE quirk: reg 0x10: [io  0x01f0-0x01f7]
[    0.288746] pci 0000:00:14.1: legacy IDE quirk: reg 0x14: [io  0x03f6]
[    0.288747] pci 0000:00:14.1: legacy IDE quirk: reg 0x18: [io  0x0170-0x0177]
[    0.288749] pci 0000:00:14.1: legacy IDE quirk: reg 0x1c: [io  0x0376]
[    0.288824] pci 0000:00:14.2: [1002:4383] type 00 class 0x040300
[    0.288844] pci 0000:00:14.2: reg 0x10: [mem 0xfe7f4000-0xfe7f7fff 64bit]
[    0.288908] pci 0000:00:14.2: PME# supported from D0 D3hot D3cold
[    0.288937] pci 0000:00:14.2: System wakeup disabled by ACPI
[    0.288966] pci 0000:00:14.3: [1002:439d] type 00 class 0x060100
[    0.289078] pci 0000:00:14.4: [1002:4384] type 01 class 0x060401
[    0.289137] pci 0000:00:14.4: System wakeup disabled by ACPI
[    0.289166] pci 0000:00:14.5: [1002:4399] type 00 class 0x0c0310
[    0.289179] pci 0000:00:14.5: reg 0x10: [mem 0xfe7fa000-0xfe7fafff]
[    0.289257] pci 0000:00:14.5: System wakeup disabled by ACPI
[    0.289288] pci 0000:00:18.0: [1022:1200] type 00 class 0x060000
[    0.289342] pci 0000:00:18.1: [1022:1201] type 00 class 0x060000
[    0.289390] pci 0000:00:18.2: [1022:1202] type 00 class 0x060000
[    0.289439] pci 0000:00:18.3: [1022:1203] type 00 class 0x060000
[    0.289489] pci 0000:00:18.4: [1022:1204] type 00 class 0x060000
[    0.289578] pci 0000:01:05.0: [1002:9715] type 00 class 0x030000
[    0.289585] pci 0000:01:05.0: reg 0x10: [mem 0xd0000000-0xdfffffff pref]
[    0.289589] pci 0000:01:05.0: reg 0x14: [io  0xc000-0xc0ff]
[    0.289593] pci 0000:01:05.0: reg 0x18: [mem 0xfe9f0000-0xfe9fffff]
[    0.289601] pci 0000:01:05.0: reg 0x24: [mem 0xfe800000-0xfe8fffff]
[    0.289617] pci 0000:01:05.0: supports D1 D2
[    0.289648] pci 0000:01:05.1: [1002:970f] type 00 class 0x040300
[    0.289655] pci 0000:01:05.1: reg 0x10: [mem 0xfe9e8000-0xfe9ebfff]
[    0.289682] pci 0000:01:05.1: supports D1 D2
[    0.289737] pci 0000:00:01.0: PCI bridge to [bus 01]
[    0.289740] pci 0000:00:01.0:   bridge window [io  0xc000-0xcfff]
[    0.289742] pci 0000:00:01.0:   bridge window [mem 0xfe800000-0xfe9fffff]
[    0.289745] pci 0000:00:01.0:   bridge window [mem 0xd0000000-0xdfffffff 64bit pref]
[    0.289789] pci 0000:02:00.0: [10ec:8168] type 00 class 0x020000
[    0.289802] pci 0000:02:00.0: reg 0x10: [io  0xd800-0xd8ff]
[    0.289821] pci 0000:02:00.0: reg 0x18: [mem 0xfdfff000-0xfdffffff 64bit pref]
[    0.289833] pci 0000:02:00.0: reg 0x20: [mem 0xfdff8000-0xfdffbfff 64bit pref]
[    0.289841] pci 0000:02:00.0: reg 0x30: [mem 0xfeaf0000-0xfeafffff pref]
[    0.289898] pci 0000:02:00.0: supports D1 D2
[    0.289899] pci 0000:02:00.0: PME# supported from D0 D1 D2 D3hot D3cold
[    0.292146] pci 0000:00:0a.0: PCI bridge to [bus 02]
[    0.292150] pci 0000:00:0a.0:   bridge window [io  0xd000-0xdfff]
[    0.292153] pci 0000:00:0a.0:   bridge window [mem 0xfea00000-0xfeafffff]
[    0.292156] pci 0000:00:0a.0:   bridge window [mem 0xfdf00000-0xfdffffff 64bit pref]
[    0.292212] pci 0000:03:05.0: [10ec:8169] type 00 class 0x020000
[    0.292233] pci 0000:03:05.0: reg 0x10: [io  0xe800-0xe8ff]
[    0.292244] pci 0000:03:05.0: reg 0x14: [mem 0xfebffc00-0xfebffcff]
[    0.292296] pci 0000:03:05.0: reg 0x30: [mem 0xfebc0000-0xfebdffff pref]
[    0.292335] pci 0000:03:05.0: supports D1 D2
[    0.292336] pci 0000:03:05.0: PME# supported from D1 D2 D3hot
[    0.292411] pci 0000:00:14.4: PCI bridge to [bus 03] (subtractive decode)
[    0.292414] pci 0000:00:14.4:   bridge window [io  0xe000-0xefff]
[    0.292418] pci 0000:00:14.4:   bridge window [mem 0xfeb00000-0xfebfffff]
[    0.292422] pci 0000:00:14.4:   bridge window [io  0x0000-0x0cf7] (subtractive decode)
[    0.292423] pci 0000:00:14.4:   bridge window [io  0x0d00-0xffff] (subtractive decode)
[    0.292425] pci 0000:00:14.4:   bridge window [mem 0x000a0000-0x000bffff] (subtractive decode)
[    0.292426] pci 0000:00:14.4:   bridge window [mem 0x000d0000-0x000dffff] (subtractive decode)
[    0.292428] pci 0000:00:14.4:   bridge window [mem 0xd0000000-0xdfffffff] (subtractive decode)
[    0.292429] pci 0000:00:14.4:   bridge window [mem 0xf0000000-0xfebfffff] (subtractive decode)
[    0.292442] pci_bus 0000:00: on NUMA node 0
[    0.293297] ACPI: PCI Interrupt Link [LNKA] (IRQs 4 7 *10 11 12 14 15)
[    0.293333] ACPI: PCI Interrupt Link [LNKB] (IRQs 4 7 10 *11 12 14 15)
[    0.293364] ACPI: PCI Interrupt Link [LNKC] (IRQs 4 7 *10 11 12 14 15)
[    0.293394] ACPI: PCI Interrupt Link [LNKD] (IRQs 4 7 *10 11 12 14 15)
[    0.293424] ACPI: PCI Interrupt Link [LNKE] (IRQs 4 7 *10 11 12 14 15)
[    0.293454] ACPI: PCI Interrupt Link [LNKF] (IRQs 4 7 10 11 12 14 15) *0, disabled.
[    0.293485] ACPI: PCI Interrupt Link [LNKG] (IRQs 4 7 10 *11 12 14 15)
[    0.293515] ACPI: PCI Interrupt Link [LNKH] (IRQs 4 7 10 11 12 14 15) *0, disabled.
[    0.293567] ACPI: Enabled 1 GPEs in block 00 to 1F
[    0.293661] vgaarb: setting as boot device: PCI:0000:01:05.0
[    0.293663] vgaarb: device added: PCI:0000:01:05.0,decodes=io+mem,owns=io+mem,locks=none
[    0.293664] vgaarb: loaded
[    0.293665] vgaarb: bridge control possible 0000:01:05.0
[    0.293728] SCSI subsystem initialized
[    0.293789] libata version 3.00 loaded.
[    0.293812] ACPI: bus type USB registered
[    0.293826] usbcore: registered new interface driver usbfs
[    0.293835] usbcore: registered new interface driver hub
[    0.293852] usbcore: registered new device driver usb
[    0.293945] PCI: Using ACPI for IRQ routing
[    0.302258] PCI: pci_cache_line_size set to 64 bytes
[    0.302306] e820: reserve RAM buffer [mem 0x0009ec00-0x0009ffff]
[    0.302307] e820: reserve RAM buffer [mem 0xcff90000-0xcfffffff]
[    0.302399] NetLabel: Initializing
[    0.302400] NetLabel:  domain hash size = 128
[    0.302401] NetLabel:  protocols = UNLABELED CIPSOv4
[    0.302410] NetLabel:  unlabeled traffic allowed by default
[    0.302453] hpet0: at MMIO 0xfed00000, IRQs 2, 8, 0, 0
[    0.302456] hpet0: 4 comparators, 32-bit 14.318180 MHz counter
[    0.304499] Switched to clocksource hpet
[    0.310339] pnp: PnP ACPI init
[    0.310463] system 00:00: Plug and Play ACPI device, IDs PNP0c02 (active)
[    0.310521] pnp 00:01: Plug and Play ACPI device, IDs PNP0b00 (active)
[    0.310917] pnp 00:02: [dma 0 disabled]
[    0.311053] pnp 00:02: Plug and Play ACPI device, IDs PNP0400 (active)
[    0.311605] pnp 00:03: [dma 0 disabled]
[    0.311656] pnp 00:03: Plug and Play ACPI device, IDs PNP0501 (active)
[    0.311737] system 00:04: [mem 0xfec00000-0xfec00fff] could not be reserved
[    0.311739] system 00:04: [mem 0xfee00000-0xfee00fff] has been reserved
[    0.311740] system 00:04: Plug and Play ACPI device, IDs PNP0c02 (active)
[    0.311894] system 00:05: [io  0x04d0-0x04d1] has been reserved
[    0.311895] system 00:05: [io  0x040b] has been reserved
[    0.311897] system 00:05: [io  0x04d6] has been reserved
[    0.311898] system 00:05: [io  0x0c00-0x0c01] has been reserved
[    0.311900] system 00:05: [io  0x0c14] has been reserved
[    0.311901] system 00:05: [io  0x0c50-0x0c51] has been reserved
[    0.311903] system 00:05: [io  0x0c52] has been reserved
[    0.311904] system 00:05: [io  0x0c6c] has been reserved
[    0.311906] system 00:05: [io  0x0c6f] has been reserved
[    0.311907] system 00:05: [io  0x0cd0-0x0cd1] has been reserved
[    0.311909] system 00:05: [io  0x0cd2-0x0cd3] has been reserved
[    0.311910] system 00:05: [io  0x0cd4-0x0cd5] has been reserved
[    0.311912] system 00:05: [io  0x0cd6-0x0cd7] has been reserved
[    0.311913] system 00:05: [io  0x0cd8-0x0cdf] has been reserved
[    0.311915] system 00:05: [io  0x0b00-0x0b3f] has been reserved
[    0.311916] system 00:05: [io  0x0800-0x089f] could not be reserved
[    0.311918] system 00:05: [io  0x0b00-0x0b0f] has been reserved
[    0.311919] system 00:05: [io  0x0b20-0x0b3f] has been reserved
[    0.311921] system 00:05: [io  0x0900-0x090f] has been reserved
[    0.311922] system 00:05: [io  0x0910-0x091f] has been reserved
[    0.311924] system 00:05: [io  0xfe00-0xfefe] has been reserved
[    0.311926] system 00:05: [mem 0xffb80000-0xffbfffff] has been reserved
[    0.311927] system 00:05: [mem 0xfec10000-0xfec1001f] has been reserved
[    0.311929] system 00:05: [mem 0xfed40000-0xfed44fff] has been reserved
[    0.311931] system 00:05: Plug and Play ACPI device, IDs PNP0c02 (active)
[    0.312055] system 00:06: [io  0x0230-0x023f] has been reserved
[    0.312057] system 00:06: [io  0x0290-0x029f] has been reserved
[    0.312059] system 00:06: [io  0x0300-0x030f] has been reserved
[    0.312060] system 00:06: [io  0x0a30-0x0a3f] has been reserved
[    0.312062] system 00:06: Plug and Play ACPI device, IDs PNP0c02 (active)
[    0.312105] system 00:07: [mem 0xe0000000-0xefffffff] has been reserved
[    0.312107] system 00:07: Plug and Play ACPI device, IDs PNP0c02 (active)
[    0.312303] system 00:08: [mem 0x00000000-0x0009ffff] could not be reserved
[    0.312305] system 00:08: [mem 0x000c0000-0x000cffff] could not be reserved
[    0.312307] system 00:08: [mem 0x000e0000-0x000fffff] could not be reserved
[    0.312308] system 00:08: [mem 0x00100000-0xcfffffff] could not be reserved
[    0.312310] system 00:08: [mem 0xfec00000-0xffffffff] could not be reserved
[    0.312312] system 00:08: Plug and Play ACPI device, IDs PNP0c01 (active)
[    0.312385] pnp: PnP ACPI: found 9 devices
[    0.318947] pci 0000:00:01.0: PCI bridge to [bus 01]
[    0.318950] pci 0000:00:01.0:   bridge window [io  0xc000-0xcfff]
[    0.318952] pci 0000:00:01.0:   bridge window [mem 0xfe800000-0xfe9fffff]
[    0.318955] pci 0000:00:01.0:   bridge window [mem 0xd0000000-0xdfffffff 64bit pref]
[    0.318957] pci 0000:00:0a.0: PCI bridge to [bus 02]
[    0.318959] pci 0000:00:0a.0:   bridge window [io  0xd000-0xdfff]
[    0.318962] pci 0000:00:0a.0:   bridge window [mem 0xfea00000-0xfeafffff]
[    0.318964] pci 0000:00:0a.0:   bridge window [mem 0xfdf00000-0xfdffffff 64bit pref]
[    0.318966] pci 0000:00:14.4: PCI bridge to [bus 03]
[    0.318969] pci 0000:00:14.4:   bridge window [io  0xe000-0xefff]
[    0.318973] pci 0000:00:14.4:   bridge window [mem 0xfeb00000-0xfebfffff]
[    0.318981] pci_bus 0000:00: resource 4 [io  0x0000-0x0cf7]
[    0.318982] pci_bus 0000:00: resource 5 [io  0x0d00-0xffff]
[    0.318984] pci_bus 0000:00: resource 6 [mem 0x000a0000-0x000bffff]
[    0.318985] pci_bus 0000:00: resource 7 [mem 0x000d0000-0x000dffff]
[    0.318987] pci_bus 0000:00: resource 8 [mem 0xd0000000-0xdfffffff]
[    0.318988] pci_bus 0000:00: resource 9 [mem 0xf0000000-0xfebfffff]
[    0.318990] pci_bus 0000:01: resource 0 [io  0xc000-0xcfff]
[    0.318991] pci_bus 0000:01: resource 1 [mem 0xfe800000-0xfe9fffff]
[    0.318993] pci_bus 0000:01: resource 2 [mem 0xd0000000-0xdfffffff 64bit pref]
[    0.318994] pci_bus 0000:02: resource 0 [io  0xd000-0xdfff]
[    0.318995] pci_bus 0000:02: resource 1 [mem 0xfea00000-0xfeafffff]
[    0.318997] pci_bus 0000:02: resource 2 [mem 0xfdf00000-0xfdffffff 64bit pref]
[    0.318998] pci_bus 0000:03: resource 0 [io  0xe000-0xefff]
[    0.319000] pci_bus 0000:03: resource 1 [mem 0xfeb00000-0xfebfffff]
[    0.319001] pci_bus 0000:03: resource 4 [io  0x0000-0x0cf7]
[    0.319003] pci_bus 0000:03: resource 5 [io  0x0d00-0xffff]
[    0.319004] pci_bus 0000:03: resource 6 [mem 0x000a0000-0x000bffff]
[    0.319006] pci_bus 0000:03: resource 7 [mem 0x000d0000-0x000dffff]
[    0.319007] pci_bus 0000:03: resource 8 [mem 0xd0000000-0xdfffffff]
[    0.319008] pci_bus 0000:03: resource 9 [mem 0xf0000000-0xfebfffff]
[    0.319034] NET: Registered protocol family 2
[    0.319229] TCP established hash table entries: 65536 (order: 7, 524288 bytes)
[    0.319411] TCP bind hash table entries: 65536 (order: 8, 1048576 bytes)
[    0.319986] TCP: Hash tables configured (established 65536 bind 65536)
[    0.320021] TCP: reno registered
[    0.320031] UDP hash table entries: 4096 (order: 5, 131072 bytes)
[    0.320078] UDP-Lite hash table entries: 4096 (order: 5, 131072 bytes)
[    0.320158] NET: Registered protocol family 1
[    0.320170] pci 0000:00:01.0: MSI quirk detected; subordinate MSI disabled
[    1.306592] pci 0000:01:05.0: Video device with shadowed ROM
[    1.306600] PCI: CLS 64 bytes, default 64
[    1.306658] Unpacking initramfs...
[    1.717622] Freeing initrd memory: 29180K (ffff8800346f2000 - ffff880036371000)
[    1.717654] PCI-DMA: Using software bounce buffering for IO (SWIOTLB)
[    1.717656] software IO TLB [mem 0xcbf90000-0xcff90000] (64MB) mapped at [ffff8800cbf90000-ffff8800cff8ffff]
[    1.717893] microcode: CPU0: patch_level=0x010000b6
[    1.717899] microcode: CPU1: patch_level=0x010000b6
[    1.717908] microcode: CPU2: patch_level=0x010000b6
[    1.717918] microcode: CPU3: patch_level=0x010000b6
[    1.717999] microcode: Microcode Update Driver: v2.00 <tigran@aivazian.fsnet.co.uk>, Peter Oruba
[    1.718003] LVT offset 1 assigned for vector 0x400
[    1.718010] IBS: LVT offset 1 assigned
[    1.718026] perf: AMD IBS detected (0x0000001f)
[    1.718655] futex hash table entries: 2048 (order: 5, 131072 bytes)
[    1.718690] Initialise system trusted keyring
[    1.718707] audit: initializing netlink subsys (disabled)
[    1.718727] audit: type=2000 audit(1434614174.601:1): initialized
[    1.719004] HugeTLB registered 2 MB page size, pre-allocated 0 pages
[    1.720247] zpool: loaded
[    1.720249] zbud: loaded
[    1.720432] VFS: Disk quotas dquot_6.5.2
[    1.720462] VFS: Dquot-cache hash table entries: 512 (order 0, 4096 bytes)
[    1.720818] Key type big_key registered
[    1.720820] smackfs: start 
[    1.720874] smackfs: End 
[    1.721553] alg: No test for stdrng (krng)
[    1.721563] NET: Registered protocol family 38
[    1.721569] Key type asymmetric registered
[    1.721571] Asymmetric key parser 'x509' registered
[    1.721600] Block layer SCSI generic (bsg) driver version 0.4 loaded (major 252)
[    1.721647] io scheduler noop registered
[    1.721650] io scheduler deadline registered
[    1.721675] io scheduler cfq registered (default)
[    1.721917] pci_hotplug: PCI Hot Plug PCI Core version: 0.5
[    1.721930] pciehp: PCI Express Hot Plug Controller Driver version: 0.4
[    1.722019] input: Power Button as /devices/LNXSYSTM:00/LNXSYBUS:00/PNP0C0C:00/input/input0
[    1.722022] ACPI: Power Button [PWRB]
[    1.722053] input: Power Button as /devices/LNXSYSTM:00/LNXPWRBN:00/input/input1
[    1.722054] ACPI: Power Button [PWRF]
[    1.723426] GHES: HEST is not enabled!
[    1.723523] Serial: 8250/16550 driver, 4 ports, IRQ sharing enabled
[    1.744136] 00:03: ttyS0 at I/O 0x3f8 (irq = 4, base_baud = 115200) is a 16550A
[    1.744598] Non-volatile memory driver v1.3
[    1.744601] Linux agpgart interface v0.103
[    1.744856] ahci 0000:00:11.0: version 3.0
[    1.744994] ahci 0000:00:11.0: AHCI 0001.0100 32 slots 4 ports 3 Gbps 0xf impl SATA mode
[    1.744997] ahci 0000:00:11.0: flags: 64bit ncq sntf ilck pm led clo pmp pio slum part ccc 
[    1.745482] scsi host0: ahci
[    1.745613] scsi host1: ahci
[    1.745698] scsi host2: ahci
[    1.745780] scsi host3: ahci
[    1.745814] ata1: SATA max UDMA/133 abar m1024@0xfe7ffc00 port 0xfe7ffd00 irq 22
[    1.745816] ata2: SATA max UDMA/133 abar m1024@0xfe7ffc00 port 0xfe7ffd80 irq 22
[    1.745819] ata3: SATA max UDMA/133 abar m1024@0xfe7ffc00 port 0xfe7ffe00 irq 22
[    1.745821] ata4: SATA max UDMA/133 abar m1024@0xfe7ffc00 port 0xfe7ffe80 irq 22
[    1.745893] libphy: Fixed MDIO Bus: probed
[    1.745957] ehci_hcd: USB 2.0 'Enhanced' Host Controller (EHCI) Driver
[    1.745960] ehci-pci: EHCI PCI platform driver
[    1.746041] ehci-pci 0000:00:12.2: EHCI Host Controller
[    1.746076] ehci-pci 0000:00:12.2: new USB bus registered, assigned bus number 1
[    1.746080] ehci-pci 0000:00:12.2: applying AMD SB700/SB800/Hudson-2/3 EHCI dummy qh workaround
[    1.746090] ehci-pci 0000:00:12.2: debug port 1
[    1.746125] ehci-pci 0000:00:12.2: irq 17, io mem 0xfe7ff800
[    1.751526] ehci-pci 0000:00:12.2: USB 2.0 started, EHCI 1.00
[    1.751564] usb usb1: New USB device found, idVendor=1d6b, idProduct=0002
[    1.751566] usb usb1: New USB device strings: Mfr=3, Product=2, SerialNumber=1
[    1.751568] usb usb1: Product: EHCI Host Controller
[    1.751569] usb usb1: Manufacturer: Linux 3.19.6 ehci_hcd
[    1.751570] usb usb1: SerialNumber: 0000:00:12.2
[    1.751685] hub 1-0:1.0: USB hub found
[    1.751690] hub 1-0:1.0: 6 ports detected
[    1.751878] ehci-pci 0000:00:13.2: EHCI Host Controller
[    1.751913] ehci-pci 0000:00:13.2: new USB bus registered, assigned bus number 2
[    1.751916] ehci-pci 0000:00:13.2: applying AMD SB700/SB800/Hudson-2/3 EHCI dummy qh workaround
[    1.751927] ehci-pci 0000:00:13.2: debug port 1
[    1.751959] ehci-pci 0000:00:13.2: irq 19, io mem 0xfe7ff400
[    1.757526] ehci-pci 0000:00:13.2: USB 2.0 started, EHCI 1.00
[    1.757563] usb usb2: New USB device found, idVendor=1d6b, idProduct=0002
[    1.757564] usb usb2: New USB device strings: Mfr=3, Product=2, SerialNumber=1
[    1.757566] usb usb2: Product: EHCI Host Controller
[    1.757567] usb usb2: Manufacturer: Linux 3.19.6 ehci_hcd
[    1.757568] usb usb2: SerialNumber: 0000:00:13.2
[    1.757686] hub 2-0:1.0: USB hub found
[    1.757690] hub 2-0:1.0: 6 ports detected
[    1.757802] ohci_hcd: USB 1.1 'Open' Host Controller (OHCI) Driver
[    1.757805] ohci-pci: OHCI PCI platform driver
[    1.757879] ohci-pci 0000:00:12.0: OHCI PCI host controller
[    1.757916] ohci-pci 0000:00:12.0: new USB bus registered, assigned bus number 3
[    1.757943] ohci-pci 0000:00:12.0: irq 16, io mem 0xfe7fe000
[    1.812579] usb usb3: New USB device found, idVendor=1d6b, idProduct=0001
[    1.812582] usb usb3: New USB device strings: Mfr=3, Product=2, SerialNumber=1
[    1.812583] usb usb3: Product: OHCI PCI host controller
[    1.812584] usb usb3: Manufacturer: Linux 3.19.6 ohci_hcd
[    1.812585] usb usb3: SerialNumber: 0000:00:12.0
[    1.812710] hub 3-0:1.0: USB hub found
[    1.812716] hub 3-0:1.0: 3 ports detected
[    1.812847] ohci-pci 0000:00:12.1: OHCI PCI host controller
[    1.812888] ohci-pci 0000:00:12.1: new USB bus registered, assigned bus number 4
[    1.812905] ohci-pci 0000:00:12.1: irq 16, io mem 0xfe7fd000
[    1.867578] usb usb4: New USB device found, idVendor=1d6b, idProduct=0001
[    1.867581] usb usb4: New USB device strings: Mfr=3, Product=2, SerialNumber=1
[    1.867582] usb usb4: Product: OHCI PCI host controller
[    1.867583] usb usb4: Manufacturer: Linux 3.19.6 ohci_hcd
[    1.867584] usb usb4: SerialNumber: 0000:00:12.1
[    1.867706] hub 4-0:1.0: USB hub found
[    1.867713] hub 4-0:1.0: 3 ports detected
[    1.867845] ohci-pci 0000:00:13.0: OHCI PCI host controller
[    1.867885] ohci-pci 0000:00:13.0: new USB bus registered, assigned bus number 5
[    1.867909] ohci-pci 0000:00:13.0: irq 18, io mem 0xfe7fc000
[    1.922577] usb usb5: New USB device found, idVendor=1d6b, idProduct=0001
[    1.922579] usb usb5: New USB device strings: Mfr=3, Product=2, SerialNumber=1
[    1.922580] usb usb5: Product: OHCI PCI host controller
[    1.922581] usb usb5: Manufacturer: Linux 3.19.6 ohci_hcd
[    1.922583] usb usb5: SerialNumber: 0000:00:13.0
[    1.922708] hub 5-0:1.0: USB hub found
[    1.922714] hub 5-0:1.0: 3 ports detected
[    1.922848] ohci-pci 0000:00:13.1: OHCI PCI host controller
[    1.922887] ohci-pci 0000:00:13.1: new USB bus registered, assigned bus number 6
[    1.922904] ohci-pci 0000:00:13.1: irq 18, io mem 0xfe7fb000
[    1.977580] usb usb6: New USB device found, idVendor=1d6b, idProduct=0001
[    1.977582] usb usb6: New USB device strings: Mfr=3, Product=2, SerialNumber=1
[    1.977583] usb usb6: Product: OHCI PCI host controller
[    1.977585] usb usb6: Manufacturer: Linux 3.19.6 ohci_hcd
[    1.977586] usb usb6: SerialNumber: 0000:00:13.1
[    1.977700] hub 6-0:1.0: USB hub found
[    1.977706] hub 6-0:1.0: 3 ports detected
[    1.977840] ohci-pci 0000:00:14.5: OHCI PCI host controller
[    1.977874] ohci-pci 0000:00:14.5: new USB bus registered, assigned bus number 7
[    1.977894] ohci-pci 0000:00:14.5: irq 18, io mem 0xfe7fa000
[    2.032581] usb usb7: New USB device found, idVendor=1d6b, idProduct=0001
[    2.032583] usb usb7: New USB device strings: Mfr=3, Product=2, SerialNumber=1
[    2.032585] usb usb7: Product: OHCI PCI host controller
[    2.032586] usb usb7: Manufacturer: Linux 3.19.6 ohci_hcd
[    2.032587] usb usb7: SerialNumber: 0000:00:14.5
[    2.032685] hub 7-0:1.0: USB hub found
[    2.032692] hub 7-0:1.0: 2 ports detected
[    2.032755] uhci_hcd: USB Universal Host Controller Interface driver
[    2.032804] usbcore: registered new interface driver usbserial
[    2.032810] usbcore: registered new interface driver usbserial_generic
[    2.032816] usbserial: USB Serial support registered for generic
[    2.032841] i8042: PNP: No PS/2 controller found. Probing ports directly.
[    2.033266] serio: i8042 KBD port at 0x60,0x64 irq 1
[    2.033271] serio: i8042 AUX port at 0x60,0x64 irq 12
[    2.033387] mousedev: PS/2 mouse device common for all mice
[    2.033545] rtc_cmos 00:01: RTC can wake from S4
[    2.033659] rtc_cmos 00:01: rtc core: registered rtc_cmos as rtc0
[    2.033683] rtc_cmos 00:01: alarms up to one month, y3k, 114 bytes nvram, hpet irqs
[    2.033741] device-mapper: uevent: version 1.0.3
[    2.033802] device-mapper: ioctl: 4.29.0-ioctl (2014-10-28) initialised: dm-devel@redhat.com
[    2.034197] hidraw: raw HID events driver (C) Jiri Kosina
[    2.034295] usbcore: registered new interface driver usbhid
[    2.034296] usbhid: USB HID core driver
[    2.034345] drop_monitor: Initializing network drop monitor service
[    2.034403] ip_tables: (C) 2000-2006 Netfilter Core Team
[    2.034532] TCP: cubic registered
[    2.034537] Initializing XFRM netlink socket
[    2.034625] NET: Registered protocol family 10
[    2.034816] mip6: Mobile IPv6
[    2.034819] NET: Registered protocol family 17
[    2.035152] Loading compiled-in X.509 certificates
[    2.036016] Loaded X.509 cert 'Magrathea: Glacier signing key: b3f718e5ad3188151c75fc0646a424459af546ad'
[    2.036027] registered taskstats version 1
[    2.036355]   Magic number: 3:982:925
[    2.036437] rtc_cmos 00:01: setting system clock to 2015-06-18 07:56:15 UTC (1434614175)
[    2.036474] PM: Hibernation image not present or could not be loaded.
[    2.050548] ata3: SATA link down (SStatus 0 SControl 300)
[    2.050588] ata4: SATA link down (SStatus 0 SControl 300)
[    2.050622] ata2: SATA link down (SStatus 0 SControl 300)
[    2.206534] ata1: SATA link up 3.0 Gbps (SStatus 123 SControl 300)
[    2.212941] ata1.00: ATA-7: SAMSUNG HD322HJ, 1AC01118, max UDMA7
[    2.212944] ata1.00: 625142448 sectors, multi 16: LBA48 NCQ (depth 31/32), AA
[    2.219405] ata1.00: configured for UDMA/133
[    2.219560] scsi 0:0:0:0: Direct-Access     ATA      SAMSUNG HD322HJ  1118 PQ: 0 ANSI: 5
[    2.219771] sd 0:0:0:0: [sda] 625142448 512-byte logical blocks: (320 GB/298 GiB)
[    2.219789] sd 0:0:0:0: Attached scsi generic sg0 type 0
[    2.219857] sd 0:0:0:0: [sda] Write Protect is off
[    2.219860] sd 0:0:0:0: [sda] Mode Sense: 00 3a 00 00
[    2.219896] sd 0:0:0:0: [sda] Write cache: enabled, read cache: enabled, doesn't support DPO or FUA
[    2.230445]  sda: sda1 sda2
[    2.230817] sd 0:0:0:0: [sda] Attached SCSI disk
[    2.231244] Freeing unused kernel memory: 1476K (ffffffff81d1b000 - ffffffff81e8c000)
[    2.231247] Write protecting the kernel read-only data: 12288k
[    2.231591] Freeing unused kernel memory: 708K (ffff88000174f000 - ffff880001800000)
[    2.231863] Freeing unused kernel memory: 848K (ffff880001b2c000 - ffff880001c00000)
[    2.234152] systemd[1]: systemd 208 running in system mode. (+PAM +LIBWRAP +AUDIT +SELINUX +IMA +SYSVINIT +LIBCRYPTSETUP +GCRYPT +ACL +XZ)
[    2.234288] systemd[1]: Running in initial RAM disk.
[    2.234327] systemd[1]: Set hostname to <localhost.localdomain>.
[    2.241904] random: systemd urandom read with 17 bits of entropy available
[    2.245584] usb 5-1: new low-speed USB device number 2 using ohci-pci
[    2.264515] systemd[1]: Expecting device dev-mapper-fedora\x2droot.device...
[    2.264529] systemd[1]: Starting -.slice.
[    2.264724] systemd[1]: Created slice -.slice.
[    2.264733] systemd[1]: Starting System Slice.
[    2.264786] systemd[1]: Created slice System Slice.
[    2.264795] systemd[1]: Starting Slices.
[    2.264804] systemd[1]: Reached target Slices.
[    2.264811] systemd[1]: Starting Timers.
[    2.264819] systemd[1]: Reached target Timers.
[    2.264831] systemd[1]: Starting udev Kernel Socket.
[    2.264851] systemd[1]: Listening on udev Kernel Socket.
[    2.264861] systemd[1]: Starting udev Control Socket.
[    2.264885] systemd[1]: Listening on udev Control Socket.
[    2.264894] systemd[1]: Starting Journal Socket.
[    2.264929] systemd[1]: Listening on Journal Socket.
[    2.265006] systemd[1]: Starting dracut cmdline hook...
[    2.265352] systemd[1]: Started Load Kernel Modules.
[    2.265365] systemd[1]: Starting Sockets.
[    2.265375] systemd[1]: Reached target Sockets.
[    2.265392] systemd[1]: Starting Setup Virtual Console...
[    2.265686] systemd[1]: Starting Journal Service...
[    2.266012] systemd[1]: Started Journal Service.
[    2.324798] systemd-udevd[199]: starting version 208
[    2.359176] scsi host4: pata_atiixp
[    2.359369] scsi host5: pata_atiixp
[    2.359407] ata5: PATA max UDMA/100 cmd 0x1f0 ctl 0x3f6 bmdma 0xff00 irq 14
[    2.359409] ata6: PATA max UDMA/100 cmd 0x170 ctl 0x376 bmdma 0xff08 irq 15
[    2.392549] usb 5-1: New USB device found, idVendor=093a, idProduct=2521
[    2.392553] usb 5-1: New USB device strings: Mfr=0, Product=2, SerialNumber=0
[    2.392555] usb 5-1: Product: USB OPTICAL MOUSE
[    2.401810] input: USB OPTICAL MOUSE as /devices/pci0000:00/0000:00:13.0/usb5/5-1/5-1:1.0/0003:093A:2521.0001/input/input5
[    2.401921] hid-generic 0003:093A:2521.0001: input,hidraw0: USB HID v1.11 Mouse [USB OPTICAL MOUSE] on usb-0000:00:13.0-1/input0
[    2.411899] [drm] Initialized drm 1.1.0 20060810
[    2.530259] usb 5-2: new low-speed USB device number 3 using ohci-pci
[    2.678547] usb 5-2: New USB device found, idVendor=0566, idProduct=3032
[    2.678551] usb 5-2: New USB device strings: Mfr=0, Product=0, SerialNumber=0
[    2.686794] input: HID 0566:3032 as /devices/pci0000:00/0000:00:13.0/usb5/5-2/5-2:1.0/0003:0566:3032.0002/input/input6
[    2.724738] tsc: Refined TSC clocksource calibration: 3200.000 MHz
[    2.729292] [drm] radeon kernel modesetting enabled.
[    2.730369] [drm] initializing kernel modesetting (RS880 0x1002:0x9715 0x1043:0x843E).
[    2.730379] [drm] register mmio base: 0xFE9F0000
[    2.730380] [drm] register mmio size: 65536
[    2.730932] ATOM BIOS: 113
[    2.730951] radeon 0000:01:05.0: VRAM: 256M 0x00000000C0000000 - 0x00000000CFFFFFFF (256M used)
[    2.730953] radeon 0000:01:05.0: GTT: 512M 0x00000000A0000000 - 0x00000000BFFFFFFF
[    2.730956] [drm] Detected VRAM RAM=256M, BAR=256M
[    2.730957] [drm] RAM width 32bits DDR
[    2.731025] [TTM] Zone  kernel: Available graphics memory: 3959054 kiB
[    2.731027] [TTM] Zone   dma32: Available graphics memory: 2097152 kiB
[    2.731028] [TTM] Initializing pool allocator
[    2.731032] [TTM] Initializing DMA pool allocator
[    2.731052] [drm] radeon: 256M of VRAM memory ready
[    2.731053] [drm] radeon: 512M of GTT memory ready.
[    2.731072] [drm] Loading RS780 Microcode
[    2.731126] [drm] radeon: power management initialized
[    2.731187] [drm] GART: num cpu pages 131072, num gpu pages 131072
[    2.737642] hid-generic 0003:0566:3032.0002: input,hidraw1: USB HID v1.11 Keyboard [HID 0566:3032] on usb-0000:00:13.0-2/input0
[    2.740696] [drm] PCIE GART of 512M enabled (table at 0x00000000C0258000).
[    2.740747] radeon 0000:01:05.0: WB enabled
[    2.740749] radeon 0000:01:05.0: fence driver on ring 0 use gpu addr 0x00000000a0000c00 and cpu addr 0xffff880211c49c00
[    2.745331] radeon 0000:01:05.0: fence driver on ring 5 use gpu addr 0x00000000c0056038 and cpu addr 0xffffc90013516038
[    2.745333] [drm] Supports vblank timestamp caching Rev 2 (21.10.2013).
[    2.745334] [drm] Driver supports precise vblank timestamp query.
[    2.745335] radeon 0000:01:05.0: radeon: MSI limited to 32-bit
[    2.745346] [drm] radeon: irq initialized.
[    2.745833] input: HID 0566:3032 as /devices/pci0000:00/0000:00:13.0/usb5/5-2/5-2:1.1/0003:0566:3032.0003/input/input7
[    2.777658] [drm] ring test on 0 succeeded in 1 usecs
[    2.796623] hid-generic 0003:0566:3032.0003: input,hidraw2: USB HID v1.11 Device [HID 0566:3032] on usb-0000:00:13.0-2/input1
[    2.953716] [drm] ring test on 5 succeeded in 1 usecs
[    2.953720] [drm] UVD initialized successfully.
[    2.954049] [drm] ib test on ring 0 succeeded in 0 usecs
[    3.604544] [drm] ib test on ring 5 succeeded
[    3.604850] [drm] Radeon Display Connectors
[    3.604852] [drm] Connector 0:
[    3.604853] [drm]   VGA-1
[    3.604855] [drm]   DDC: 0x7e40 0x7e40 0x7e44 0x7e44 0x7e48 0x7e48 0x7e4c 0x7e4c
[    3.604855] [drm]   Encoders:
[    3.604856] [drm]     CRT1: INTERNAL_KLDSCP_DAC1
[    3.604857] [drm] Connector 1:
[    3.604858] [drm]   HDMI-A-1
[    3.604859] [drm]   HPD3
[    3.604860] [drm]   DDC: 0x7e50 0x7e50 0x7e54 0x7e54 0x7e58 0x7e58 0x7e5c 0x7e5c
[    3.604860] [drm]   Encoders:
[    3.604861] [drm]     DFP3: INTERNAL_KLDSCP_LVTMA
[    3.652143] [drm] fb mappable at 0xD0359000
[    3.652145] [drm] vram apper at 0xD0000000
[    3.652146] [drm] size 5242880
[    3.652147] [drm] fb depth is 24
[    3.652148] [drm]    pitch is 5120
[    3.652220] fbcon: radeondrmfb (fb0) is primary device
[    3.669775] Console: switching to colour frame buffer device 160x64
[    3.680998] radeon 0000:01:05.0: fb0: radeondrmfb frame buffer device
[    3.681000] radeon 0000:01:05.0: registered panic notifier
[    3.689626] [drm] Initialized radeon 2.40.0 20080528 for 0000:01:05.0 on minor 0
[    3.746660] Switched to clocksource tsc
[    4.002728] PM: Starting manual resume from disk
[    4.002733] PM: Hibernation image partition 253:1 present
[    4.002734] PM: Looking for hibernation image.
[    4.002867] random: nonblocking pool is initialized
[    4.002881] PM: Image not found (code -22)
[    4.002882] PM: Hibernation image not present or could not be loaded.
[    4.049038] EXT4-fs (dm-0): mounted filesystem with ordered data mode. Opts: (null)
[    4.270657] systemd-journald[112]: Received SIGTERM
[    8.118856] systemd-udevd[441]: starting version 208
[    8.394598] EXT4-fs (dm-0): re-mounted. Opts: (null)
[    9.740835] RPC: Registered named UNIX socket transport module.
[    9.740839] RPC: Registered udp transport module.
[    9.740840] RPC: Registered tcp transport module.
[    9.740841] RPC: Registered tcp NFSv4.1 backchannel transport module.
[   10.106862] wmi: Mapper loaded
[   10.111919] acpi-cpufreq: overriding BIOS provided _PSD data
[   10.127914] parport_pc 00:02: reported by Plug and Play ACPI
[   10.127967] parport0: PC-style at 0x378, irq 7 [PCSPP,TRISTATE]
[   10.392323] MPU-401 device not found or device busy
[   10.413582] ACPI Warning: SystemIO range 0x0000000000000b00-0x0000000000000b07 conflicts with OpRegion 0x0000000000000b00-0x0000000000000b0f (\SOR1) (20141107/utaddress-258)
[   10.413590] ACPI Warning: SystemIO range 0x0000000000000b00-0x0000000000000b07 conflicts with OpRegion 0x0000000000000b00-0x0000000000000b2f (\SMRG) (20141107/utaddress-258)
[   10.413595] ACPI Warning: SystemIO range 0x0000000000000b00-0x0000000000000b07 conflicts with OpRegion 0x0000000000000b00-0x0000000000000b2f (\_SB_.PCI0.SBRG.ASOC.SMRG) (20141107/utaddress-258)
[   10.413600] ACPI: If an ACPI driver is available for this device, you should use it instead of the native driver
[   10.417432] shpchp: Standard Hot Plug PCI Controller Driver version: 0.4
[   10.419769] sp5100_tco: SP5100/SB800 TCO WatchDog Timer Driver v0.05
[   10.419814] sp5100_tco: PCI Revision ID: 0x3c
[   10.419833] sp5100_tco: failed to find MMIO address, giving up.
[   10.451661] MCE: In-kernel MCE decoding enabled.
[   10.456698] input: PC Speaker as /devices/platform/pcspkr/input/input8
[   10.458965] r8169 Gigabit Ethernet driver 2.3LK-NAPI loaded
[   10.458975] r8169 0000:02:00.0: can't disable ASPM; OS doesn't have ASPM control
[   10.459332] r8169 0000:02:00.0 eth0: RTL8168d/8111d at 0xffffc90010c8e000, 20:cf:30:c2:70:c7, XID 083000c0 IRQ 25
[   10.459334] r8169 0000:02:00.0 eth0: jumbo features [frames: 9200 bytes, tx checksumming: ko]
[   10.459348] r8169 Gigabit Ethernet driver 2.3LK-NAPI loaded
[   10.459393] r8169 0000:03:05.0 (unnamed net_device) (uninitialized): not PCI Express
[   10.459636] r8169 0000:03:05.0 eth1: RTL8169sb/8110sb at 0xffffc90010ed4c00, 64:e5:99:f3:05:19, XID 10000000 IRQ 20
[   10.459638] r8169 0000:03:05.0 eth1: jumbo features [frames: 7152 bytes, tx checksumming: ok]
[   10.468908] EDAC MC: Ver: 3.0.0
[   10.473616] AMD64 EDAC driver v3.4.0
[   10.473649] EDAC amd64: DRAM ECC disabled.
[   10.473654] EDAC amd64: ECC disabled in the BIOS or no ECC capability, module will not load.
 Either enable ECC checking or force module loading by setting 'ecc_enable_override'.
 (Note that use of the override may cause unknown side effects.)
[   10.550504] Installing knfsd (copyright (C) 1996 okir@monad.swb.de).
[   10.553269] ppdev: user-space parallel port driver
[   10.573769] r8169 0000:02:00.0 p10p1: renamed from eth0
[   10.603672] systemd-udevd[474]: renamed network interface eth0 to p10p1
[   10.605190] r8169 0000:03:05.0 p4p1: renamed from eth1
[   10.618718] systemd-udevd[461]: renamed network interface eth1 to p4p1
[   11.138525] input: HDA ATI HDMI HDMI/DP,pcm=3 as /devices/pci0000:00/0000:00:01.0/0000:01:05.1/sound/card1/input9
[   11.310877] kvm: disabled by bios
[   11.341919] sound hdaudioC0D0: autoconfig: line_outs=1 (0x14/0x0/0x0/0x0/0x0) type:line
[   11.341931] sound hdaudioC0D0:    speaker_outs=0 (0x0/0x0/0x0/0x0/0x0)
[   11.341938] sound hdaudioC0D0:    hp_outs=1 (0x1b/0x0/0x0/0x0/0x0)
[   11.341944] sound hdaudioC0D0:    mono: mono_out=0x0
[   11.341949] sound hdaudioC0D0:    dig-out=0x11/0x1e
[   11.341953] sound hdaudioC0D0:    inputs:
[   11.341959] sound hdaudioC0D0:      Front Mic=0x19
[   11.341965] sound hdaudioC0D0:      Rear Mic=0x18
[   11.341970] sound hdaudioC0D0:      Line=0x1a
[   11.367696] input: HDA ATI SB Front Mic as /devices/pci0000:00/0000:00:14.2/sound/card0/input10
[   11.367955] input: HDA ATI SB Rear Mic as /devices/pci0000:00/0000:00:14.2/sound/card0/input11
[   11.368215] input: HDA ATI SB Line as /devices/pci0000:00/0000:00:14.2/sound/card0/input12
[   11.368405] input: HDA ATI SB Line Out as /devices/pci0000:00/0000:00:14.2/sound/card0/input13
[   11.368600] input: HDA ATI SB Front Headphone as /devices/pci0000:00/0000:00:14.2/sound/card0/input14
[   12.906996] Adding 8011772k swap on /dev/mapper/fedora-swap.  Priority:-1 extents:1 across:8011772k FS
[   12.971367] EXT4-fs (sda1): mounted filesystem with ordered data mode. Opts: (null)
[   14.068064] EXT4-fs (dm-2): mounted filesystem with ordered data mode. Opts: (null)
[   14.075030] systemd-journald[420]: Received request to flush runtime journal from PID 1
[   15.152879] audit: type=1305 audit(1434614188.615:2): audit_pid=601 old=0 auid=4294967295 ses=4294967295 subj=_ res=1
[   15.902588] systemd[1]: Unit mcelog.service entered failed state.
[   17.906133] nf_conntrack version 0.5.0 (16384 buckets, 65536 max)
[   18.288462] ip6_tables: (C) 2000-2006 Netfilter Core Team
[   18.409139] Ebtables v2.0 registered
[   19.135590] bridge: automatic filtering via arp/ip/ip6tables has been deprecated. Update your scripts to load br_netfilter if you need this.
[   40.235335] cfg80211: Calling CRDA to update world regulatory domain
[   40.266952] cfg80211: World regulatory domain updated:
[   40.266961] cfg80211:  DFS Master region: unset
[   40.266966] cfg80211:   (start_freq - end_freq @ bandwidth), (max_antenna_gain, max_eirp), (dfs_cac_time)
[   40.266974] cfg80211:   (2402000 KHz - 2472000 KHz @ 40000 KHz), (N/A, 2000 mBm), (N/A)
[   40.266980] cfg80211:   (2457000 KHz - 2482000 KHz @ 40000 KHz), (N/A, 2000 mBm), (N/A)
[   40.266985] cfg80211:   (2474000 KHz - 2494000 KHz @ 20000 KHz), (N/A, 2000 mBm), (N/A)
[   40.266992] cfg80211:   (5170000 KHz - 5250000 KHz @ 80000 KHz, 160000 KHz AUTO), (N/A, 2000 mBm), (N/A)
[   40.266998] cfg80211:   (5250000 KHz - 5330000 KHz @ 80000 KHz, 160000 KHz AUTO), (N/A, 2000 mBm), (0 s)
[   40.267004] cfg80211:   (5490000 KHz - 5730000 KHz @ 160000 KHz), (N/A, 2000 mBm), (0 s)
[   40.267009] cfg80211:   (5735000 KHz - 5835000 KHz @ 80000 KHz), (N/A, 2000 mBm), (N/A)
[   40.267014] cfg80211:   (57240000 KHz - 63720000 KHz @ 2160000 KHz), (N/A, 0 mBm), (N/A)
[   40.731931] r8169 0000:02:00.0 p10p1: link down
[   40.732007] IPv6: ADDRCONF(NETDEV_UP): p10p1: link is not ready
[   40.740067] r8169 0000:03:05.0 p4p1: link down
[   40.740096] IPv6: ADDRCONF(NETDEV_UP): p4p1: link is not ready
[   40.741979] r8169 0000:03:05.0 p4p1: link down
[   41.704718] Bluetooth: Core ver 2.20
[   41.704782] NET: Registered protocol family 31
[   41.704787] Bluetooth: HCI device and connection manager initialized
[   41.704798] Bluetooth: HCI socket layer initialized
[   41.704806] Bluetooth: L2CAP socket layer initialized
[   41.704823] Bluetooth: SCO socket layer initialized
[   41.721801] Bluetooth: BNEP (Ethernet Emulation) ver 1.3
[   41.721804] Bluetooth: BNEP filters: protocol multicast
[   41.721808] Bluetooth: BNEP socket layer initialized
[   43.843919] r8169 0000:03:05.0 p4p1: link up
[   43.843942] IPv6: ADDRCONF(NETDEV_CHANGE): p4p1: link becomes ready
